Archive member included because of file (symbol)

/opt/microchip/xc32/v1.31/bin/../lib/gcc/pic32mx/4.5.2/../../../../pic32mx/lib/libpic32.a(memcpy.o)
                              build/default/production/src/framework/sal/udp/dhcp.o (memcpy)
/opt/microchip/xc32/v1.31/bin/../lib/gcc/pic32mx/4.5.2/../../../../pic32mx/lib/libpic32.a(memset.o)
                              build/default/production/src/framework/sal/udp/arp.o (memset)
/opt/microchip/xc32/v1.31/bin/../lib/gcc/pic32mx/4.5.2/../../../../pic32mx/lib/libpic32.a(strlen.o)
                              build/default/production/src/app_udp.o (strlen)
/opt/microchip/xc32/v1.31/bin/../lib/gcc/pic32mx/4.5.2/../../../../pic32mx/lib/libpic32.a(default-bootstrap-exception-handler.o)
                              /opt/microchip/xc32/v1.31/bin/../lib/gcc/pic32mx/4.5.2/../../../../pic32mx/lib/./proc/32MX795F512L/crt0_mips32r2.o (_bootstrap_exception_handler)
/opt/microchip/xc32/v1.31/bin/../lib/gcc/pic32mx/4.5.2/../../../../pic32mx/lib/libpic32.a(default-on-reset.o)
                              /opt/microchip/xc32/v1.31/bin/../lib/gcc/pic32mx/4.5.2/../../../../pic32mx/lib/./proc/32MX795F512L/crt0_mips32r2.o (_on_reset)
/opt/microchip/xc32/v1.31/bin/../lib/gcc/pic32mx/4.5.2/../../../../pic32mx/lib/libpic32.a(default-on-bootstrap.o)
                              /opt/microchip/xc32/v1.31/bin/../lib/gcc/pic32mx/4.5.2/../../../../pic32mx/lib/./proc/32MX795F512L/crt0_mips32r2.o (_on_bootstrap)
/opt/microchip/xc32/v1.31/bin/../lib/gcc/pic32mx/4.5.2/../../../../pic32mx/lib/libpic32.a(default-nmi-handler.o)
                              /opt/microchip/xc32/v1.31/bin/../lib/gcc/pic32mx/4.5.2/../../../../pic32mx/lib/./proc/32MX795F512L/crt0_mips32r2.o (_nmi_handler)
/opt/microchip/xc32/v1.31/bin/../lib/gcc/pic32mx/4.5.2/../../../../pic32mx/lib/libpic32.a(pic32_software_reset.o)
                              /opt/microchip/xc32/v1.31/bin/../lib/gcc/pic32mx/4.5.2/../../../../pic32mx/lib/libpic32.a(default-bootstrap-exception-handler.o) (__pic32_software_reset)
/opt/microchip/xc32/v1.31/bin/../lib/gcc/pic32mx/4.5.2/../../../../pic32mx/lib/libpic32.a(general-exception.o)
                              /opt/microchip/xc32/v1.31/bin/../lib/gcc/pic32mx/4.5.2/../../../../pic32mx/lib/./proc/32MX795F512L/crt0_mips32r2.o (_general_exception_context)
/opt/microchip/xc32/v1.31/bin/../lib/gcc/pic32mx/4.5.2/../../../../pic32mx/lib/libpic32.a(vector0.o)
                              /opt/microchip/xc32/v1.31/bin/../lib/gcc/pic32mx/4.5.2/../../../../pic32mx/lib/./proc/32MX795F512L/default_isr_vectors.o (__vector_dispatch_0)
/opt/microchip/xc32/v1.31/bin/../lib/gcc/pic32mx/4.5.2/../../../../pic32mx/lib/libpic32.a(vector1.o)
                              /opt/microchip/xc32/v1.31/bin/../lib/gcc/pic32mx/4.5.2/../../../../pic32mx/lib/./proc/32MX795F512L/default_isr_vectors.o (__vector_dispatch_1)
/opt/microchip/xc32/v1.31/bin/../lib/gcc/pic32mx/4.5.2/../../../../pic32mx/lib/libpic32.a(vector2.o)
                              /opt/microchip/xc32/v1.31/bin/../lib/gcc/pic32mx/4.5.2/../../../../pic32mx/lib/./proc/32MX795F512L/default_isr_vectors.o (__vector_dispatch_2)
/opt/microchip/xc32/v1.31/bin/../lib/gcc/pic32mx/4.5.2/../../../../pic32mx/lib/libpic32.a(vector3.o)
                              /opt/microchip/xc32/v1.31/bin/../lib/gcc/pic32mx/4.5.2/../../../../pic32mx/lib/./proc/32MX795F512L/default_isr_vectors.o (__vector_dispatch_3)
/opt/microchip/xc32/v1.31/bin/../lib/gcc/pic32mx/4.5.2/../../../../pic32mx/lib/libpic32.a(vector7.o)
                              /opt/microchip/xc32/v1.31/bin/../lib/gcc/pic32mx/4.5.2/../../../../pic32mx/lib/./proc/32MX795F512L/default_isr_vectors.o (__vector_dispatch_7)
/opt/microchip/xc32/v1.31/bin/../lib/gcc/pic32mx/4.5.2/../../../../pic32mx/lib/libpic32.a(vector11.o)
                              /opt/microchip/xc32/v1.31/bin/../lib/gcc/pic32mx/4.5.2/../../../../pic32mx/lib/./proc/32MX795F512L/default_isr_vectors.o (__vector_dispatch_11)
/opt/microchip/xc32/v1.31/bin/../lib/gcc/pic32mx/4.5.2/../../../../pic32mx/lib/libpic32.a(vector15.o)
                              /opt/microchip/xc32/v1.31/bin/../lib/gcc/pic32mx/4.5.2/../../../../pic32mx/lib/./proc/32MX795F512L/default_isr_vectors.o (__vector_dispatch_15)
/opt/microchip/xc32/v1.31/bin/../lib/gcc/pic32mx/4.5.2/../../../../pic32mx/lib/libpic32.a(vector16.o)
                              /opt/microchip/xc32/v1.31/bin/../lib/gcc/pic32mx/4.5.2/../../../../pic32mx/lib/./proc/32MX795F512L/default_isr_vectors.o (__vector_dispatch_16)
/opt/microchip/xc32/v1.31/bin/../lib/gcc/pic32mx/4.5.2/../../../../pic32mx/lib/libpic32.a(vector17.o)
                              /opt/microchip/xc32/v1.31/bin/../lib/gcc/pic32mx/4.5.2/../../../../pic32mx/lib/./proc/32MX795F512L/default_isr_vectors.o (__vector_dispatch_17)
/opt/microchip/xc32/v1.31/bin/../lib/gcc/pic32mx/4.5.2/../../../../pic32mx/lib/libpic32.a(vector19.o)
[...]
Memory Configuration

Name             Origin             Length             Attributes
kseg0_program_mem 0x9d000000         0x00080000         xr
kseg0_boot_mem   0x9fc00490         0x00000970
exception_mem    0x9fc01000         0x00001000
kseg1_boot_mem   0xbfc00000         0x00000490
debug_exec_mem   0xbfc02000         0x00000ff0
config3          0xbfc02ff0         0x00000004
config2          0xbfc02ff4         0x00000004
config1          0xbfc02ff8         0x00000004
config0          0xbfc02ffc         0x00000004
kseg1_data_mem   0xa0000000         0x00020000         w !x
sfrs             0xbf800000         0x00100000
configsfrs       0xbfc02ff0         0x00000010
*default*        0x00000000         0xffffffff

Linker script and memory map

LOAD /opt/microchip/xc32/v1.31/bin/../lib/gcc/pic32mx/4.5.2/../../../../pic32mx/lib/./proc/32MX795F512L/crt0_mips32r2.o
LOAD build/default/production/src/framework/sal/udp/arp.o
LOAD build/default/production/src/framework/sal/udp/dhcp.o
LOAD build/default/production/src/framework/sal/udp/icmp.o
LOAD build/default/production/src/framework/sal/udp/ipv4.o
LOAD build/default/production/src/framework/sal/udp/udp.o
LOAD build/default/production/src/framework/sal/dio/inch.o
LOAD build/default/production/src/framework/sal/dio/outch.o
LOAD build/default/production/src/framework/sal/rtos/rtos.o
LOAD build/default/production/src/framework/sal/rtos/rtos_cfg.o
LOAD build/default/production/src/framework/sal/sys/exc.o
LOAD build/default/production/src/framework/sal/sys/main.o
LOAD build/default/production/src/app_udp.o
LOAD build/default/production/src/framework/hal/adc.o
LOAD build/default/production/src/framework/hal/can.o
LOAD build/default/production/src/framework/hal/eep.o
LOAD build/default/production/src/framework/hal/ethmac.o
LOAD build/default/production/src/framework/hal/ethphy.o
LOAD build/default/production/src/framework/hal/ic.o
LOAD build/default/production/src/framework/hal/int.o
LOAD build/default/production/src/framework/hal/port.o
LOAD build/default/production/src/framework/hal/pwm.o
LOAD build/default/production/src/framework/hal/tmr.o
LOAD build/default/production/src/framework/hal/uart.o
                0x00000001                __MPLAB_BUILD = 0x1
                0x0000afa0                _min_heap_size = 0xafa0
                0x00000800                _min_stack_size = 0x800
LOAD /opt/microchip/xc32/v1.31/bin/../lib/gcc/pic32mx/4.5.2/../../../../pic32mx/lib/./proc/32MX795F512L/default_isr_vectors.o
                0x00000400                PROVIDE (_min_stack_size, 0x400)
LOAD /opt/microchip/xc32/v1.31/bin/../lib/gcc/pic32mx/4.5.2/../../../../pic32mx/lib/./proc/32MX795F512L/processor.o
START GROUP
LOAD /opt/microchip/xc32/v1.31/bin/../lib/gcc/pic32mx/4.5.2/../../../../pic32mx/lib/libmchp_peripheral.a
END GROUP
START GROUP
LOAD /opt/microchip/xc32/v1.31/bin/../lib/gcc/pic32mx/4.5.2/../../../../pic32mx/lib/libmchp_peripheral_32MX795F512L.a
END GROUP
                0x00000001                PROVIDE (_vector_spacing, 0x1)
                0x9fc01000                _ebase_address = 0x9fc01000
                0xbfc00000                _RESET_ADDR = 0xbfc00000
                0xbfc00380                _BEV_EXCPT_ADDR = 0xbfc00380
                0xbfc00480                _DBG_EXCPT_ADDR = 0xbfc00480
                0xbfc02000                _DBG_CODE_ADDR = 0xbfc02000
                0x00000ff0                _DBG_CODE_SIZE = 0xff0
                0x9fc01180                _GEN_EXCPT_ADDR = (_ebase_address + 0x180)

.config_BFC02FF0
                0xbfc02ff0        0x4
 *(.config_BFC02FF0)
 .config_BFC02FF0
                0xbfc02ff0        0x4 build/default/production/src/framework/sal/sys/main.o

.config_BFC02FF4
                0xbfc02ff4        0x4
 *(.config_BFC02FF4)
 .config_BFC02FF4
                0xbfc02ff4        0x4 build/default/production/src/framework/sal/sys/main.o

.config_BFC02FF8
                0xbfc02ff8        0x4
 *(.config_BFC02FF8)
 .config_BFC02FF8
                0xbfc02ff8        0x4 build/default/production/src/framework/sal/sys/main.o

.config_BFC02FFC
                0xbfc02ffc        0x4
 *(.config_BFC02FFC)
 .config_BFC02FFC
                0xbfc02ffc        0x4 build/default/production/src/framework/sal/sys/main.o
                0xbfc02000                PROVIDE (_DBG_CODE_ADDR, 0xbfc02000)
                0x00000ff0                PROVIDE (_DBG_CODE_SIZE, 0xff0)

.reset          0xbfc00000      0x1e8
 *(.reset)
 .reset         0xbfc00000      0x1e8 /opt/microchip/xc32/v1.31/bin/../lib/gcc/pic32mx/4.5.2/../../../../pic32mx/lib/./proc/32MX795F512L/crt0_mips32r2.o
                0xbfc00000                _reset
 *(.reset.startup)

.bev_excpt      0xbfc00380       0x10
 *(.bev_handler)
 .bev_handler   0xbfc00380       0x10 /opt/microchip/xc32/v1.31/bin/../lib/gcc/pic32mx/4.5.2/../../../../pic32mx/lib/./proc/32MX795F512L/crt0_mips32r2.o

.dbg_excpt      0xbfc00480        0x0
                0xbfc00480                . = (. + DEFINED (_DEBUGGER)?0x8:0x0)

.dbg_code       0xbfc02000        0x0
                0xbfc02000                . = (. + DEFINED (_DEBUGGER)?_DBG_CODE_SIZE:0x0)

.app_excpt      0x9fc01180       0x10
 *(.gen_handler)
 .gen_handler   0x9fc01180       0x10 /opt/microchip/xc32/v1.31/bin/../lib/gcc/pic32mx/4.5.2/../../../../pic32mx/lib/./proc/32MX795F512L/crt0_mips32r2.o

.vector_0       0x9fc01200        0x8
 *(.vector_0)
 .vector_0      0x9fc01200        0x8 /opt/microchip/xc32/v1.31/bin/../lib/gcc/pic32mx/4.5.2/../../../../pic32mx/lib/libpic32.a(vector0.o)
                0x9fc01200                __vector_dispatch_0
                0x00000001                ASSERT (((_vector_spacing == 0x0) || (SIZEOF (.vector_0) <= (_vector_spacing << 0x5))), function at exception vector 0 too large)

.vector_1       0x9fc01220        0x8
 *(.vector_1)
 .vector_1      0x9fc01220        0x8 /opt/microchip/xc32/v1.31/bin/../lib/gcc/pic32mx/4.5.2/../../../../pic32mx/lib/libpic32.a(vector1.o)
                0x9fc01220                __vector_dispatch_1
                0x00000001                ASSERT (((_vector_spacing == 0x0) || (SIZEOF (.vector_1) <= (_vector_spacing << 0x5))), function at exception vector 1 too large)

.vector_2       0x9fc01240        0x8
 *(.vector_2)
 .vector_2      0x9fc01240        0x8 /opt/microchip/xc32/v1.31/bin/../lib/gcc/pic32mx/4.5.2/../../../../pic32mx/lib/libpic32.a(vector2.o)
                0x9fc01240                __vector_dispatch_2
                0x00000001                ASSERT (((_vector_spacing == 0x0) || (SIZEOF (.vector_2) <= (_vector_spacing << 0x5))), function at exception vector 2 too large)

.vector_3       0x9fc01260        0x8
 *(.vector_3)
 .vector_3      0x9fc01260        0x8 /opt/microchip/xc32/v1.31/bin/../lib/gcc/pic32mx/4.5.2/../../../../pic32mx/lib/libpic32.a(vector3.o)
                0x9fc01260                __vector_dispatch_3
                0x00000001                ASSERT (((_vector_spacing == 0x0) || (SIZEOF (.vector_3) <= (_vector_spacing << 0x5))), function at exception vector 3 too large)

.vector_4       0x9fc01280        0x8
 *(.vector_4)
 .vector_4      0x9fc01280        0x8 build/default/production/src/framework/hal/tmr.o
                0x9fc01280                __vector_dispatch_4
                0x00000001                ASSERT (((_vector_spacing == 0x0) || (SIZEOF (.vector_4) <= (_vector_spacing << 0x5))), function at exception vector 4 too large)

.vector_5       0x9fc012a0        0x8
 *(.vector_5)
 .vector_5      0x9fc012a0        0x8 build/default/production/src/framework/hal/ic.o
                0x9fc012a0                __vector_dispatch_5
                0x00000001                ASSERT (((_vector_spacing == 0x0) || (SIZEOF (.vector_5) <= (_vector_spacing << 0x5))), function at exception vector 5 too large)

.vector_6       0x9fc012c0        0x8
 *(.vector_6)
 .vector_6      0x9fc012c0        0x8 build/default/production/src/framework/hal/pwm.o
                0x9fc012c0                __vector_dispatch_6
                0x00000001                ASSERT (((_vector_spacing == 0x0) || (SIZEOF (.vector_6) <= (_vector_spacing << 0x5))), function at exception vector 6 too large)

.vector_7       0x9fc012e0        0x8
 *(.vector_7)
 .vector_7      0x9fc012e0        0x8 /opt/microchip/xc32/v1.31/bin/../lib/gcc/pic32mx/4.5.2/../../../../pic32mx/lib/libpic32.a(vector7.o)
                0x9fc012e0                __vector_dispatch_7
                0x00000001                ASSERT (((_vector_spacing == 0x0) || (SIZEOF (.vector_7) <= (_vector_spacing << 0x5))), function at exception vector 7 too large)

.vector_8       0x9fc01300        0x8
 *(.vector_8)
 .vector_8      0x9fc01300        0x8 build/default/production/src/framework/hal/pwm.o
                0x9fc01300                __vector_dispatch_8
                0x00000001                ASSERT (((_vector_spacing == 0x0) || (SIZEOF (.vector_8) <= (_vector_spacing << 0x5))), function at exception vector 8 too large)

.vector_9       0x9fc01320        0x8
 *(.vector_9)
 .vector_9      0x9fc01320        0x8 build/default/production/src/framework/hal/ic.o
                0x9fc01320                __vector_dispatch_9
                0x00000001                ASSERT (((_vector_spacing == 0x0) || (SIZEOF (.vector_9) <= (_vector_spacing << 0x5))), function at exception vector 9 too large)

.vector_10      0x9fc01340        0x8
 *(.vector_10)
 .vector_10     0x9fc01340        0x8 build/default/production/src/framework/hal/pwm.o
                0x9fc01340                __vector_dispatch_10
                0x00000001                ASSERT (((_vector_spacing == 0x0) || (SIZEOF (.vector_10) <= (_vector_spacing << 0x5))), function at exception vector 10 too large)

.vector_11      0x9fc01360        0x8
 *(.vector_11)
 .vector_11     0x9fc01360        0x8 /opt/microchip/xc32/v1.31/bin/../lib/gcc/pic32mx/4.5.2/../../../../pic32mx/lib/libpic32.a(vector11.o)
                0x9fc01360                __vector_dispatch_11
                0x00000001                ASSERT (((_vector_spacing == 0x0) || (SIZEOF (.vector_11) <= (_vector_spacing << 0x5))), function at exception vector 11 too large)

.vector_12      0x9fc01380        0x8
 *(.vector_12)
 .vector_12     0x9fc01380        0x8 build/default/production/src/framework/hal/adc.o
                0x9fc01380                __vector_dispatch_12
                0x00000001                ASSERT (((_vector_spacing == 0x0) || (SIZEOF (.vector_12) <= (_vector_spacing << 0x5))), function at exception vector 12 too large)

.vector_13      0x9fc013a0        0x8
 *(.vector_13)
 .vector_13     0x9fc013a0        0x8 build/default/production/src/framework/hal/ic.o
                0x9fc013a0                __vector_dispatch_13
                0x00000001                ASSERT (((_vector_spacing == 0x0) || (SIZEOF (.vector_13) <= (_vector_spacing << 0x5))), function at exception vector 13 too large)

.vector_14      0x9fc013c0        0x8
 *(.vector_14)
 .vector_14     0x9fc013c0        0x8 build/default/production/src/framework/hal/pwm.o
                0x9fc013c0                __vector_dispatch_14
                0x00000001                ASSERT (((_vector_spacing == 0x0) || (SIZEOF (.vector_14) <= (_vector_spacing << 0x5))), function at exception vector 14 too large)

.vector_15      0x9fc013e0        0x8
 *(.vector_15)
 .vector_15     0x9fc013e0        0x8 /opt/microchip/xc32/v1.31/bin/../lib/gcc/pic32mx/4.5.2/../../../../pic32mx/lib/libpic32.a(vector15.o)
                0x9fc013e0                __vector_dispatch_15
                0x00000001                ASSERT (((_vector_spacing == 0x0) || (SIZEOF (.vector_15) <= (_vector_spacing << 0x5))), function at exception vector 15 too large)

.vector_16      0x9fc01400        0x8
 *(.vector_16)
 .vector_16     0x9fc01400        0x8 /opt/microchip/xc32/v1.31/bin/../lib/gcc/pic32mx/4.5.2/../../../../pic32mx/lib/libpic32.a(vector16.o)
                0x9fc01400                __vector_dispatch_16
                0x00000001                ASSERT (((_vector_spacing == 0x0) || (SIZEOF (.vector_16) <= (_vector_spacing << 0x5))), function at exception vector 16 too large)

.vector_17      0x9fc01420        0x8
 *(.vector_17)
 .vector_17     0x9fc01420        0x8 /opt/microchip/xc32/v1.31/bin/../lib/gcc/pic32mx/4.5.2/../../../../pic32mx/lib/libpic32.a(vector17.o)
                0x9fc01420                __vector_dispatch_17
                0x00000001                ASSERT (((_vector_spacing == 0x0) || (SIZEOF (.vector_17) <= (_vector_spacing << 0x5))), function at exception vector 17 too large)

.vector_18      0x9fc01440        0x8
 *(.vector_18)
 .vector_18     0x9fc01440        0x8 build/default/production/src/framework/hal/pwm.o
                0x9fc01440                __vector_dispatch_18
                0x00000001                ASSERT (((_vector_spacing == 0x0) || (SIZEOF (.vector_18) <= (_vector_spacing << 0x5))), function at exception vector 18 too large)

.vector_19      0x9fc01460        0x8
 *(.vector_19)
 .vector_19     0x9fc01460        0x8 /opt/microchip/xc32/v1.31/bin/../lib/gcc/pic32mx/4.5.2/../../../../pic32mx/lib/libpic32.a(vector19.o)
                0x9fc01460                __vector_dispatch_19
                0x00000001                ASSERT (((_vector_spacing == 0x0) || (SIZEOF (.vector_19) <= (_vector_spacing << 0x5))), function at exception vector 19 too large)

.vector_20      0x9fc01480        0x8
 *(.vector_20)
 .vector_20     0x9fc01480        0x8 /opt/microchip/xc32/v1.31/bin/../lib/gcc/pic32mx/4.5.2/../../../../pic32mx/lib/libpic32.a(vector20.o)
                0x9fc01480                __vector_dispatch_20
                0x00000001                ASSERT (((_vector_spacing == 0x0) || (SIZEOF (.vector_20) <= (_vector_spacing << 0x5))), function at exception vector 20 too large)

.vector_21      0x9fc014a0        0x8
 *(.vector_21)
 .vector_21     0x9fc014a0        0x8 /opt/microchip/xc32/v1.31/bin/../lib/gcc/pic32mx/4.5.2/../../../../pic32mx/lib/libpic32.a(vector21.o)
                0x9fc014a0                __vector_dispatch_21
                0x00000001                ASSERT (((_vector_spacing == 0x0) || (SIZEOF (.vector_21) <= (_vector_spacing << 0x5))), function at exception vector 21 too large)

.vector_22      0x9fc014c0        0x8
 *(.vector_22)
 .vector_22     0x9fc014c0        0x8 /opt/microchip/xc32/v1.31/bin/../lib/gcc/pic32mx/4.5.2/../../../../pic32mx/lib/libpic32.a(vector22.o)
                0x9fc014c0                __vector_dispatch_22
                0x00000001                ASSERT (((_vector_spacing == 0x0) || (SIZEOF (.vector_22) <= (_vector_spacing << 0x5))), function at exception vector 22 too large)

.vector_23      0x9fc014e0        0x8
 *(.vector_23)
 .vector_23     0x9fc014e0        0x8 /opt/microchip/xc32/v1.31/bin/../lib/gcc/pic32mx/4.5.2/../../../../pic32mx/lib/libpic32.a(vector23.o)
                0x9fc014e0                __vector_dispatch_23
                0x00000001                ASSERT (((_vector_spacing == 0x0) || (SIZEOF (.vector_23) <= (_vector_spacing << 0x5))), function at exception vector 23 too large)

.vector_24      0x9fc01500        0x8
 *(.vector_24)
 .vector_24     0x9fc01500        0x8 build/default/production/src/framework/hal/uart.o
                0x9fc01500                __vector_dispatch_24
                0x00000001                ASSERT (((_vector_spacing == 0x0) || (SIZEOF (.vector_24) <= (_vector_spacing << 0x5))), function at exception vector 24 too large)

.vector_25      0x9fc01520        0x8
 *(.vector_25)
 .vector_25     0x9fc01520        0x8 build/default/production/src/framework/hal/eep.o
                0x9fc01520                __vector_dispatch_25
                0x00000001                ASSERT (((_vector_spacing == 0x0) || (SIZEOF (.vector_25) <= (_vector_spacing << 0x5))), function at exception vector 25 too large)

.vector_26      0x9fc01540        0x8
 *(.vector_26)
 .vector_26     0x9fc01540        0x8 /opt/microchip/xc32/v1.31/bin/../lib/gcc/pic32mx/4.5.2/../../../../pic32mx/lib/libpic32.a(vector26.o)
                0x9fc01540                __vector_dispatch_26
                0x00000001                ASSERT (((_vector_spacing == 0x0) || (SIZEOF (.vector_26) <= (_vector_spacing << 0x5))), function at exception vector 26 too large)

.vector_27      0x9fc01560        0x8
 *(.vector_27)
 .vector_27     0x9fc01560        0x8 build/default/production/src/framework/hal/adc.o
                0x9fc01560                __vector_dispatch_27
                0x00000001                ASSERT (((_vector_spacing == 0x0) || (SIZEOF (.vector_27) <= (_vector_spacing << 0x5))), function at exception vector 27 too large)

.vector_28      0x9fc01580        0x8
 *(.vector_28)
 .vector_28     0x9fc01580        0x8 /opt/microchip/xc32/v1.31/bin/../lib/gcc/pic32mx/4.5.2/../../../../pic32mx/lib/libpic32.a(vector28.o)
                0x9fc01580                __vector_dispatch_28
                0x00000001                ASSERT (((_vector_spacing == 0x0) || (SIZEOF (.vector_28) <= (_vector_spacing << 0x5))), function at exception vector 28 too large)

.vector_29      0x9fc015a0        0x8
 *(.vector_29)
 .vector_29     0x9fc015a0        0x8 /opt/microchip/xc32/v1.31/bin/../lib/gcc/pic32mx/4.5.2/../../../../pic32mx/lib/libpic32.a(vector29.o)
                0x9fc015a0                __vector_dispatch_29
                0x00000001                ASSERT (((_vector_spacing == 0x0) || (SIZEOF (.vector_29) <= (_vector_spacing << 0x5))), function at exception vector 29 too large)

.vector_30      0x9fc015c0        0x8
 *(.vector_30)
 .vector_30     0x9fc015c0        0x8 /opt/microchip/xc32/v1.31/bin/../lib/gcc/pic32mx/4.5.2/../../../../pic32mx/lib/libpic32.a(vector30.o)
                0x9fc015c0                __vector_dispatch_30
                0x00000001                ASSERT (((_vector_spacing == 0x0) || (SIZEOF (.vector_30) <= (_vector_spacing << 0x5))), function at exception vector 30 too large)

.vector_31      0x9fc015e0        0x8
 *(.vector_31)
 .vector_31     0x9fc015e0        0x8 /opt/microchip/xc32/v1.31/bin/../lib/gcc/pic32mx/4.5.2/../../../../pic32mx/lib/libpic32.a(vector31.o)
                0x9fc015e0                __vector_dispatch_31
                0x00000001                ASSERT (((_vector_spacing == 0x0) || (SIZEOF (.vector_31) <= (_vector_spacing << 0x5))), function at exception vector 31 too large)

.vector_32      0x9fc01600        0x8
 *(.vector_32)
 .vector_32     0x9fc01600        0x8 /opt/microchip/xc32/v1.31/bin/../lib/gcc/pic32mx/4.5.2/../../../../pic32mx/lib/libpic32.a(vector32.o)
                0x9fc01600                __vector_dispatch_32
                0x00000001                ASSERT (((_vector_spacing == 0x0) || (SIZEOF (.vector_32) <= (_vector_spacing << 0x5))), function at exception vector 32 too large)

.vector_33      0x9fc01620        0x8
 *(.vector_33)
 .vector_33     0x9fc01620        0x8 /opt/microchip/xc32/v1.31/bin/../lib/gcc/pic32mx/4.5.2/../../../../pic32mx/lib/libpic32.a(vector33.o)
                0x9fc01620                __vector_dispatch_33
                0x00000001                ASSERT (((_vector_spacing == 0x0) || (SIZEOF (.vector_33) <= (_vector_spacing << 0x5))), function at exception vector 33 too large)

.vector_34      0x9fc01640        0x8
 *(.vector_34)
 .vector_34     0x9fc01640        0x8 /opt/microchip/xc32/v1.31/bin/../lib/gcc/pic32mx/4.5.2/../../../../pic32mx/lib/libpic32.a(vector34.o)
                0x9fc01640                __vector_dispatch_34
                0x00000001                ASSERT (((_vector_spacing == 0x0) || (SIZEOF (.vector_34) <= (_vector_spacing << 0x5))), function at exception vector 34 too large)

.vector_35      0x9fc01660        0x8
 *(.vector_35)
 .vector_35     0x9fc01660        0x8 /opt/microchip/xc32/v1.31/bin/../lib/gcc/pic32mx/4.5.2/../../../../pic32mx/lib/libpic32.a(vector35.o)
                0x9fc01660                __vector_dispatch_35
                0x00000001                ASSERT (((_vector_spacing == 0x0) || (SIZEOF (.vector_35) <= (_vector_spacing << 0x5))), function at exception vector 35 too large)

.vector_36      0x9fc01680        0x8
 *(.vector_36)
 .vector_36     0x9fc01680        0x8 /opt/microchip/xc32/v1.31/bin/../lib/gcc/pic32mx/4.5.2/../../../../pic32mx/lib/libpic32.a(vector36.o)
                0x9fc01680                __vector_dispatch_36
                0x00000001                ASSERT (((_vector_spacing == 0x0) || (SIZEOF (.vector_36) <= (_vector_spacing << 0x5))), function at exception vector 36 too large)

.vector_37      0x9fc016a0        0x8
 *(.vector_37)
 .vector_37     0x9fc016a0        0x8 build/default/production/src/framework/hal/uart.o
                0x9fc016a0                __vector_dispatch_37
                0x00000001                ASSERT (((_vector_spacing == 0x0) || (SIZEOF (.vector_37) <= (_vector_spacing << 0x5))), function at exception vector 37 too large)

.vector_38      0x9fc016c0        0x8
 *(.vector_38)
 .vector_38     0x9fc016c0        0x8 build/default/production/src/framework/hal/uart.o
                0x9fc016c0                __vector_dispatch_38
                0x00000001                ASSERT (((_vector_spacing == 0x0) || (SIZEOF (.vector_38) <= (_vector_spacing << 0x5))), function at exception vector 38 too large)

.vector_39      0x9fc016e0        0x8
 *(.vector_39)
 .vector_39     0x9fc016e0        0x8 /opt/microchip/xc32/v1.31/bin/../lib/gcc/pic32mx/4.5.2/../../../../pic32mx/lib/libpic32.a(vector39.o)
                0x9fc016e0                __vector_dispatch_39
                0x00000001                ASSERT (((_vector_spacing == 0x0) || (SIZEOF (.vector_39) <= (_vector_spacing << 0x5))), function at exception vector 39 too large)

.vector_40      0x9fc01700        0x8
 *(.vector_40)
 .vector_40     0x9fc01700        0x8 /opt/microchip/xc32/v1.31/bin/../lib/gcc/pic32mx/4.5.2/../../../../pic32mx/lib/libpic32.a(vector40.o)
                0x9fc01700                __vector_dispatch_40
                0x00000001                ASSERT (((_vector_spacing == 0x0) || (SIZEOF (.vector_40) <= (_vector_spacing << 0x5))), function at exception vector 40 too large)

.vector_41      0x9fc01720        0x8
 *(.vector_41)
 .vector_41     0x9fc01720        0x8 /opt/microchip/xc32/v1.31/bin/../lib/gcc/pic32mx/4.5.2/../../../../pic32mx/lib/libpic32.a(vector41.o)
                0x9fc01720                __vector_dispatch_41
                0x00000001                ASSERT (((_vector_spacing == 0x0) || (SIZEOF (.vector_41) <= (_vector_spacing << 0x5))), function at exception vector 41 too large)

.vector_42      0x9fc01740        0x8
 *(.vector_42)
 .vector_42     0x9fc01740        0x8 /opt/microchip/xc32/v1.31/bin/../lib/gcc/pic32mx/4.5.2/../../../../pic32mx/lib/libpic32.a(vector42.o)
                0x9fc01740                __vector_dispatch_42
                0x00000001                ASSERT (((_vector_spacing == 0x0) || (SIZEOF (.vector_42) <= (_vector_spacing << 0x5))), function at exception vector 42 too large)

.vector_43      0x9fc01760        0x8
 *(.vector_43)
 .vector_43     0x9fc01760        0x8 /opt/microchip/xc32/v1.31/bin/../lib/gcc/pic32mx/4.5.2/../../../../pic32mx/lib/libpic32.a(vector43.o)
                0x9fc01760                __vector_dispatch_43
                0x00000001                ASSERT (((_vector_spacing == 0x0) || (SIZEOF (.vector_43) <= (_vector_spacing << 0x5))), function at exception vector 43 too large)

.vector_44      0x9fc01780        0x8
 *(.vector_44)
 .vector_44     0x9fc01780        0x8 /opt/microchip/xc32/v1.31/bin/../lib/gcc/pic32mx/4.5.2/../../../../pic32mx/lib/libpic32.a(vector44.o)
                0x9fc01780                __vector_dispatch_44
                0x00000001                ASSERT (((_vector_spacing == 0x0) || (SIZEOF (.vector_44) <= (_vector_spacing << 0x5))), function at exception vector 44 too large)

.vector_45      0x9fc017a0        0x8
 *(.vector_45)
 .vector_45     0x9fc017a0        0x8 /opt/microchip/xc32/v1.31/bin/../lib/gcc/pic32mx/4.5.2/../../../../pic32mx/lib/libpic32.a(vector45.o)
                0x9fc017a0                __vector_dispatch_45
                0x00000001                ASSERT (((_vector_spacing == 0x0) || (SIZEOF (.vector_45) <= (_vector_spacing << 0x5))), function at exception vector 45 too large)

.vector_46      0x9fc017c0        0x8
 *(.vector_46)
 .vector_46     0x9fc017c0        0x8 /opt/microchip/xc32/v1.31/bin/../lib/gcc/pic32mx/4.5.2/../../../../pic32mx/lib/libpic32.a(vector46.o)
                0x9fc017c0                __vector_dispatch_46
                0x00000001                ASSERT (((_vector_spacing == 0x0) || (SIZEOF (.vector_46) <= (_vector_spacing << 0x5))), function at exception vector 46 too large)

.vector_47      0x9fc017e0        0x8
 *(.vector_47)
 .vector_47     0x9fc017e0        0x8 /opt/microchip/xc32/v1.31/bin/../lib/gcc/pic32mx/4.5.2/../../../../pic32mx/lib/libpic32.a(vector47.o)
                0x9fc017e0                __vector_dispatch_47
                0x00000001                ASSERT (((_vector_spacing == 0x0) || (SIZEOF (.vector_47) <= (_vector_spacing << 0x5))), function at exception vector 47 too large)

.vector_48      0x9fc01800        0x8
 *(.vector_48)
 .vector_48     0x9fc01800        0x8 build/default/production/src/framework/hal/ethmac.o
                0x9fc01800                __vector_dispatch_48
                0x00000001                ASSERT (((_vector_spacing == 0x0) || (SIZEOF (.vector_48) <= (_vector_spacing << 0x5))), function at exception vector 48 too large)

.vector_49      0x9fc01820        0x8
 *(.vector_49)
 .vector_49     0x9fc01820        0x8 /opt/microchip/xc32/v1.31/bin/../lib/gcc/pic32mx/4.5.2/../../../../pic32mx/lib/libpic32.a(vector49.o)
                0x9fc01820                __vector_dispatch_49
                0x00000001                ASSERT (((_vector_spacing == 0x0) || (SIZEOF (.vector_49) <= (_vector_spacing << 0x5))), function at exception vector 49 too large)

.vector_50      0x9fc01840        0x8
 *(.vector_50)
 .vector_50     0x9fc01840        0x8 /opt/microchip/xc32/v1.31/bin/../lib/gcc/pic32mx/4.5.2/../../../../pic32mx/lib/libpic32.a(vector50.o)
                0x9fc01840                __vector_dispatch_50
                0x00000001                ASSERT (((_vector_spacing == 0x0) || (SIZEOF (.vector_50) <= (_vector_spacing << 0x5))), function at exception vector 50 too large)

.vector_51      0x9fc01860        0x8
 *(.vector_51)
 .vector_51     0x9fc01860        0x8 /opt/microchip/xc32/v1.31/bin/../lib/gcc/pic32mx/4.5.2/../../../../pic32mx/lib/libpic32.a(vector51.o)
                0x9fc01860                __vector_dispatch_51
                0x00000001                ASSERT (((_vector_spacing == 0x0) || (SIZEOF (.vector_51) <= (_vector_spacing << 0x5))), function at exception vector 51 too large)

.vector_52      0x9fc01880        0x8
 *(.vector_52)
 .vector_52     0x9fc01880        0x8 /opt/microchip/xc32/v1.31/bin/../lib/gcc/pic32mx/4.5.2/../../../../pic32mx/lib/libpic32.a(vector52.o)
                0x9fc01880                __vector_dispatch_52
                0x00000001                ASSERT (((_vector_spacing == 0x0) || (SIZEOF (.vector_52) <= (_vector_spacing << 0x5))), function at exception vector 52 too large)

.vector_53      0x9fc018a0        0x8
 *(.vector_53)
 .vector_53     0x9fc018a0        0x8 /opt/microchip/xc32/v1.31/bin/../lib/gcc/pic32mx/4.5.2/../../../../pic32mx/lib/libpic32.a(vector53.o)
                0x9fc018a0                __vector_dispatch_53
                0x00000001                ASSERT (((_vector_spacing == 0x0) || (SIZEOF (.vector_53) <= (_vector_spacing << 0x5))), function at exception vector 53 too large)

.vector_54      0x9fc018c0        0x8
 *(.vector_54)
 .vector_54     0x9fc018c0        0x8 /opt/microchip/xc32/v1.31/bin/../lib/gcc/pic32mx/4.5.2/../../../../pic32mx/lib/libpic32.a(vector54.o)
                0x9fc018c0                __vector_dispatch_54
                0x00000001                ASSERT (((_vector_spacing == 0x0) || (SIZEOF (.vector_54) <= (_vector_spacing << 0x5))), function at exception vector 54 too large)

.vector_55      0x9fc018e0        0x8
 *(.vector_55)
 .vector_55     0x9fc018e0        0x8 /opt/microchip/xc32/v1.31/bin/../lib/gcc/pic32mx/4.5.2/../../../../pic32mx/lib/libpic32.a(vector55.o)
                0x9fc018e0                __vector_dispatch_55
                0x00000001                ASSERT (((_vector_spacing == 0x0) || (SIZEOF (.vector_55) <= (_vector_spacing << 0x5))), function at exception vector 55 too large)

.vector_56      0x9fc01900        0x8
 *(.vector_56)
 .vector_56     0x9fc01900        0x8 /opt/microchip/xc32/v1.31/bin/../lib/gcc/pic32mx/4.5.2/../../../../pic32mx/lib/libpic32.a(vector56.o)
                0x9fc01900                __vector_dispatch_56
                0x00000001                ASSERT (((_vector_spacing == 0x0) || (SIZEOF (.vector_56) <= (_vector_spacing << 0x5))), function at exception vector 56 too large)

.vector_57      0x9fc01920        0x8
 *(.vector_57)
 .vector_57     0x9fc01920        0x8 /opt/microchip/xc32/v1.31/bin/../lib/gcc/pic32mx/4.5.2/../../../../pic32mx/lib/libpic32.a(vector57.o)
                0x9fc01920                __vector_dispatch_57
                0x00000001                ASSERT (((_vector_spacing == 0x0) || (SIZEOF (.vector_57) <= (_vector_spacing << 0x5))), function at exception vector 57 too large)

.vector_58      0x9fc01940        0x8
 *(.vector_58)
 .vector_58     0x9fc01940        0x8 /opt/microchip/xc32/v1.31/bin/../lib/gcc/pic32mx/4.5.2/../../../../pic32mx/lib/libpic32.a(vector58.o)
                0x9fc01940                __vector_dispatch_58
                0x00000001                ASSERT (((_vector_spacing == 0x0) || (SIZEOF (.vector_58) <= (_vector_spacing << 0x5))), function at exception vector 58 too large)

.vector_59      0x9fc01960        0x8
 *(.vector_59)
 .vector_59     0x9fc01960        0x8 /opt/microchip/xc32/v1.31/bin/../lib/gcc/pic32mx/4.5.2/../../../../pic32mx/lib/libpic32.a(vector59.o)
                0x9fc01960                __vector_dispatch_59
                0x00000001                ASSERT (((_vector_spacing == 0x0) || (SIZEOF (.vector_59) <= (_vector_spacing << 0x5))), function at exception vector 59 too large)

.vector_60      0x9fc01980        0x8
 *(.vector_60)
 .vector_60     0x9fc01980        0x8 /opt/microchip/xc32/v1.31/bin/../lib/gcc/pic32mx/4.5.2/../../../../pic32mx/lib/libpic32.a(vector60.o)
                0x9fc01980                __vector_dispatch_60
                0x00000001                ASSERT (((_vector_spacing == 0x0) || (SIZEOF (.vector_60) <= (_vector_spacing << 0x5))), function at exception vector 60 too large)

.vector_61      0x9fc019a0        0x8
 *(.vector_61)
 .vector_61     0x9fc019a0        0x8 /opt/microchip/xc32/v1.31/bin/../lib/gcc/pic32mx/4.5.2/../../../../pic32mx/lib/libpic32.a(vector61.o)
                0x9fc019a0                __vector_dispatch_61
                0x00000001                ASSERT (((_vector_spacing == 0x0) || (SIZEOF (.vector_61) <= (_vector_spacing << 0x5))), function at exception vector 61 too large)

.vector_62      0x9fc019c0        0x8
 *(.vector_62)
 .vector_62     0x9fc019c0        0x8 /opt/microchip/xc32/v1.31/bin/../lib/gcc/pic32mx/4.5.2/../../../../pic32mx/lib/libpic32.a(vector62.o)
                0x9fc019c0                __vector_dispatch_62
                0x00000001                ASSERT (((_vector_spacing == 0x0) || (SIZEOF (.vector_62) <= (_vector_spacing << 0x5))), function at exception vector 62 too large)

.vector_63      0x9fc019e0        0x8
 *(.vector_63)
 .vector_63     0x9fc019e0        0x8 /opt/microchip/xc32/v1.31/bin/../lib/gcc/pic32mx/4.5.2/../../../../pic32mx/lib/libpic32.a(vector63.o)
                0x9fc019e0                __vector_dispatch_63
                0x00000001                ASSERT (((_vector_spacing == 0x0) || (SIZEOF (.vector_63) <= (_vector_spacing << 0x5))), function at exception vector 63 too large)

.startup
 *(.startup)

.text           0x9d000000        0x0
 *(.stub .gnu.linkonce.t.*)
 *(.text.*personality*)
 *(.mips16.fn.*)
 *(.mips16.call.*)
 *(.gnu.warning)
                0x9d000000                . = ALIGN (0x4)

.init           0x9d000000        0x0
 *crti.o(.init)
 *crtbegin.o(.init)
 *(EXCLUDE_FILE(*crtn.o *crtend?.o *crtend.o) .init)
 *crtend.o(.init)
 *crtn.o(.init)
                0x9d000000                . = ALIGN (0x4)

.fini           0x9d000000        0x0
 *(.fini)
                0x9d000000                . = ALIGN (0x4)

.preinit_array  0x9d000000        0x0
                0x9d000000                PROVIDE (__preinit_array_start, .)
 *(.preinit_array)
                0x9d000000                PROVIDE (__preinit_array_end, .)
                0x9d000000                . = ALIGN (0x4)

.init_array     0x9d000000        0x0
                0x9d000000                PROVIDE (__init_array_start, .)
 *(SORT(.init_array.*))
 *(.init_array)
                0x9d000000                PROVIDE (__init_array_end, .)
                0x9d000000                . = ALIGN (0x4)

.fini_array     0x9d000000        0x0
                0x9d000000                PROVIDE (__fini_array_start, .)
 *(SORT(.fini_array.*))
 *(.fini_array)
                0x9d000000                PROVIDE (__fini_array_end, .)
                0x9d000000                . = ALIGN (0x4)

.ctors          0x9d000000        0x0
 *crtbegin.o(.ctors)
 *crtbegin?.o(.ctors)
 *(EXCLUDE_FILE(*crtend?.o *crtend.o) .ctors)
 *(SORT(.ctors.*))
 *(.ctors)
                0x9d000000                . = ALIGN (0x4)

.dtors          0x9d000000        0x0
 *crtbegin.o(.dtors)
 *crtbegin?.o(.dtors)
 *(EXCLUDE_FILE(*crtend?.o *crtend.o) .dtors)
 *(SORT(.dtors.*))
 *(.dtors)
                0x9d000000                . = ALIGN (0x4)

.rodata         0x9d000000        0x0
 *(.gnu.linkonce.r.*)
 *(.rodata1)
                0x9d000000                . = ALIGN (0x4)

.sdata2         0x9fc00490        0x0
 *(.sdata2 .sdata2.* .gnu.linkonce.s2.*)
                0x9fc00490                . = ALIGN (0x4)

.sbss2          0x9fc00490        0x0
 *(.sbss2 .sbss2.* .gnu.linkonce.sb2.*)
                0x9fc00490                . = ALIGN (0x4)

.eh_frame_hdr
 *(.eh_frame_hdr)
                0x9fc00490                . = ALIGN (0x4)

.eh_frame
 *(.eh_frame)
                0x9fc00490                . = ALIGN (0x4)

.gcc_except_table
 *(.gcc_except_table .gcc_except_table.*)
                0x9fc00490                . = ALIGN (0x4)

.dbg_data       0xa0000000        0x0
                0xa0000000                . = (. + DEFINED (_DEBUGGER)?0x200:0x0)

.jcr            0xa0000000        0x0
 *(.jcr)
                0xa0000000                . = ALIGN (0x4)

.eh_frame
 *(.eh_frame)
                0xa0000000                . = ALIGN (0x4)

.gcc_except_table
 *(.gcc_except_table .gcc_except_table.*)
                0xa0000000                . = ALIGN (0x4)

.persist        0xa0000000        0x0
                0xa0000000                _persist_begin = .
 *(.persist .persist.*)
 *(.pbss .pbss.*)
                0xa0000000                . = ALIGN (0x4)
                0xa0000000                _persist_end = .

.data           0xa0000000        0x0
 *(.gnu.linkonce.d.*)
 *(.data1)
                0xa0000000                . = ALIGN (0x4)
                0xa0000000                . = .
                0xa0007ff0                _gp = (ALIGN (0x10) + 0x7ff0)

.got            0xa0000000        0x0
 *(.got.plt)
 *(.got)
                0xa0000000                . = ALIGN (0x4)

.sdata          0xa0000000       0x14
                0xa0000000                _sdata_begin = .
 *(.sdata .sdata.* .gnu.linkonce.s.*)
 .sdata         0xa0000000        0x2 build/default/production/src/framework/sal/udp/dhcp.o
 .sdata         0xa0000002        0x4 build/default/production/src/framework/sal/udp/ipv4.o
 *fill*         0xa0000006        0x2 
 .sdata         0xa0000008        0x8 build/default/production/src/framework/sal/dio/outch.o
 .sdata         0xa0000010        0x4 build/default/production/src/app_udp.o
                0xa0000014                . = ALIGN (0x4)
                0xa0000014                _sdata_end = .

.lit8
 *(.lit8)

.lit4
 *(.lit4)
                0xa0000014                . = ALIGN (0x4)
                0xa0000014                _data_end = .
                0xa0000014                _bss_begin = .

.sbss           0xa0000014       0xe4
                0xa0000014                _sbss_begin = .
 *(.dynsbss)
 *(.sbss .sbss.* .gnu.linkonce.sb.*)
 .sbss          0xa0000014        0xc build/default/production/src/framework/sal/udp/arp.o
 .sbss          0xa0000020       0x1c build/default/production/src/framework/sal/udp/dhcp.o
                0xa0000030                stMsgInfo
 .sbss          0xa000003c        0xc build/default/production/src/framework/sal/udp/ipv4.o
 .sbss          0xa0000048        0x4 build/default/production/src/framework/sal/dio/inch.o
 .sbss          0xa000004c        0xa build/default/production/src/framework/sal/dio/outch.o
 *fill*         0xa0000056        0x2 
 .sbss          0xa0000058       0x14 build/default/production/src/framework/sal/rtos/rtos.o
 .sbss          0xa000006c        0x8 build/default/production/src/framework/sal/sys/exc.o
 .sbss          0xa0000074        0xc build/default/production/src/app_udp.o
 .sbss          0xa0000080       0x10 build/default/production/src/framework/hal/adc.o
 .sbss          0xa0000090       0x14 build/default/production/src/framework/hal/eep.o
 .sbss          0xa00000a4       0x10 build/default/production/src/framework/hal/ethmac.o
 .sbss          0xa00000b4        0xc build/default/production/src/framework/hal/ic.o
 .sbss          0xa00000c0        0x4 build/default/production/src/framework/hal/pwm.o
 .sbss          0xa00000c4        0x6 build/default/production/src/framework/hal/uart.o
 *fill*         0xa00000ca        0x2 
 .sbss          0xa00000cc       0x10 /opt/microchip/xc32/v1.31/bin/../lib/gcc/pic32mx/4.5.2/../../../../pic32mx/lib/libc.a(malloc.o)
                0xa00000cc                __allocp
                0xa00000d0                __alloct
                0xa00000d4                __allocx
 .sbss          0xa00000dc        0x8 /opt/microchip/xc32/v1.31/bin/../lib/gcc/pic32mx/4.5.2/../../../../pic32mx/lib/libpic32.a(sbrk.o)
                0xa00000dc                _minbrk
                0xa00000e0                _maxbrk
 .sbss          0xa00000e4        0x4 /opt/microchip/xc32/v1.31/bin/../lib/gcc/pic32mx/4.5.2/../../../../pic32mx/lib/libpic32.a(errno.o)
                0xa00000e4                errno
 *(.scommon)
 .scommon       0xa00000e8        0x4 build/default/production/src/app_udp.o
                0xa00000e8                pui8StringToSendPtr
 .scommon       0xa00000ec        0x4 build/default/production/src/framework/hal/eep.o
                0xa00000ec                EEP_eEepromState
 .scommon       0xa00000f0        0x8 build/default/production/src/framework/hal/ethmac.o
                0xa00000f0                ETHMAC_ui64MACAddress
                0xa00000f8                _sbss_end = .
                0xa00000f8                . = ALIGN (0x4)

.bss            0xa00000f8      0x450
 *(.dynbss)
 *(COMMON)
 COMMON         0xa00000f8       0x10 build/default/production/src/framework/hal/adc.o
                0xa00000f8                ADC_aui32ResultsBuffer
 COMMON         0xa0000108       0x40 build/default/production/src/framework/hal/eep.o
                0xa0000108                EEP_aucEepromTXBuffer
                0xa0000128                EEP_aucEepromRXBuffer
 COMMON         0xa0000148      0x400 build/default/production/src/framework/hal/uart.o
                0xa0000148                UART_TxFIFOBuffer
                0xa0000348                UART_RxFIFOBuffer
                0xa0000548                . = ALIGN ((. != 0x0)?0x4:0x1)
                0xa0000548                . = ALIGN (0x4)
                0xa0000548                _end = .
                0xa0000548                _bss_end = .
                0x00020000                _bmxdudba_address = 0x20000
                0x00020000                _bmxdupba_address = 0x20000

/DISCARD/
 *(.pdr)
 *(.rel.dyn)
 *(.note.GNU-stack)
 *(.note.GNU-stack)
 *(.gnu_debuglink)
 *(.gnu.lto_*)
 *(.discard)

.gptab.sdata
 *(.gptab.data)
 *(.gptab.sdata)

.gptab.sbss
 *(.gptab.bss)
 *(.gptab.sbss)

.mdebug.abi32   0xa0000548        0x0
 *(.mdebug.abi32)
 .mdebug.abi32  0xa0000548        0x0 build/default/production/src/framework/sal/udp/arp.o
 .mdebug.abi32  0xa0000548        0x0 build/default/production/src/framework/sal/udp/dhcp.o
 .mdebug.abi32  0xa0000548        0x0 build/default/production/src/framework/sal/udp/icmp.o
 .mdebug.abi32  0xa0000548        0x0 build/default/production/src/framework/sal/udp/ipv4.o
 .mdebug.abi32  0xa0000548        0x0 build/default/production/src/framework/sal/udp/udp.o
 .mdebug.abi32  0xa0000548        0x0 build/default/production/src/framework/sal/dio/inch.o
 .mdebug.abi32  0xa0000548        0x0 build/default/production/src/framework/sal/dio/outch.o
 .mdebug.abi32  0xa0000548        0x0 build/default/production/src/framework/sal/rtos/rtos.o
 .mdebug.abi32  0xa0000548        0x0 build/default/production/src/framework/sal/rtos/rtos_cfg.o
 .mdebug.abi32  0xa0000548        0x0 build/default/production/src/framework/sal/sys/exc.o
 .mdebug.abi32  0xa0000548        0x0 build/default/production/src/framework/sal/sys/main.o
 .mdebug.abi32  0xa0000548        0x0 build/default/production/src/app_udp.o
 .mdebug.abi32  0xa0000548        0x0 build/default/production/src/framework/hal/adc.o
 .mdebug.abi32  0xa0000548        0x0 build/default/production/src/framework/hal/can.o
 .mdebug.abi32  0xa0000548        0x0 build/default/production/src/framework/hal/eep.o
 .mdebug.abi32  0xa0000548        0x0 build/default/production/src/framework/hal/ethmac.o
 .mdebug.abi32  0xa0000548        0x0 build/default/production/src/framework/hal/ethphy.o
 .mdebug.abi32  0xa0000548        0x0 build/default/production/src/framework/hal/ic.o
 .mdebug.abi32  0xa0000548        0x0 build/default/production/src/framework/hal/int.o
 .mdebug.abi32  0xa0000548        0x0 build/default/production/src/framework/hal/port.o
 .mdebug.abi32  0xa0000548        0x0 build/default/production/src/framework/hal/pwm.o
 .mdebug.abi32  0xa0000548        0x0 build/default/production/src/framework/hal/tmr.o
 .mdebug.abi32  0xa0000548        0x0 build/default/production/src/framework/hal/uart.o
 .mdebug.abi32  0xa0000548        0x0 /opt/microchip/xc32/v1.31/bin/../lib/gcc/pic32mx/4.5.2/../../../../pic32mx/lib/libpic32.a(default-bootstrap-exception-handler.o)
 .mdebug.abi32  0xa0000548        0x0 /opt/microchip/xc32/v1.31/bin/../lib/gcc/pic32mx/4.5.2/../../../../pic32mx/lib/libpic32.a(default-on-reset.o)
 .mdebug.abi32  0xa0000548        0x0 /opt/microchip/xc32/v1.31/bin/../lib/gcc/pic32mx/4.5.2/../../../../pic32mx/lib/libpic32.a(default-on-bootstrap.o)
 .mdebug.abi32  0xa0000548        0x0 /opt/microchip/xc32/v1.31/bin/../lib/gcc/pic32mx/4.5.2/../../../../pic32mx/lib/libpic32.a(defaultinterrupt.o)
 .mdebug.abi32  0xa0000548        0x0 /opt/microchip/xc32/v1.31/bin/../lib/gcc/pic32mx/4.5.2/../../../../pic32mx/lib/libc.a(malloc.o)
 .mdebug.abi32  0xa0000548        0x0 /opt/microchip/xc32/v1.31/bin/../lib/gcc/pic32mx/4.5.2/../../../../pic32mx/lib/libc.a(strncmp.o)
 .mdebug.abi32  0xa0000548        0x0 /opt/microchip/xc32/v1.31/bin/../lib/gcc/pic32mx/4.5.2/../../../../pic32mx/lib/libpic32.a(sbrk.o)
 .mdebug.abi32  0xa0000548        0x0 /opt/microchip/xc32/v1.31/bin/../lib/gcc/pic32mx/4.5.2/../../../../pic32mx/lib/libpic32.a(errno.o)

.mdebug.abiN32
 *(.mdebug.abiN32)

.mdebug.abi64
 *(.mdebug.abi64)

.mdebug.abiO64
 *(.mdebug.abiO64)

.mdebug.eabi32
 *(.mdebug.eabi32)

.mdebug.eabi64
 *(.mdebug.eabi64)

.gcc_compiled_long32
 *(.gcc_compiled_long32)

.gcc_compiled_long64
 *(.gcc_compiled_long64)

.stab
 *(.stab)

.stabstr
 *(.stabstr)

.stab.excl
 *(.stab.excl)

.stab.exclstr
 *(.stab.exclstr)

.stab.index
 *(.stab.index)

.stab.indexstr
 *(.stab.indexstr)

.comment        0x00000000       0xf4
 *(.comment)
 .comment       0x00000000       0x3c build/default/production/src/framework/sal/udp/arp.o
                                 0x3d (size before relaxing)
 .comment       0x00000000       0x3d build/default/production/src/framework/sal/udp/dhcp.o
 .comment       0x00000000       0x3d build/default/production/src/framework/sal/udp/icmp.o
 .comment       0x00000000       0x3d build/default/production/src/framework/sal/udp/ipv4.o
 .comment       0x00000000       0x3d build/default/production/src/framework/sal/udp/udp.o
 .comment       0x00000000       0x3d build/default/production/src/framework/sal/dio/inch.o
 .comment       0x00000000       0x3d build/default/production/src/framework/sal/dio/outch.o
 .comment       0x00000000       0x3d build/default/production/src/framework/sal/rtos/rtos.o
 .comment       0x00000000       0x3d build/default/production/src/framework/sal/rtos/rtos_cfg.o
 .comment       0x00000000       0x3d build/default/production/src/framework/sal/sys/exc.o
 .comment       0x00000000       0x3d build/default/production/src/framework/sal/sys/main.o
 .comment       0x00000000       0x3d build/default/production/src/app_udp.o
 .comment       0x00000000       0x3d build/default/production/src/framework/hal/adc.o
 .comment       0x00000000       0x3d build/default/production/src/framework/hal/can.o
 .comment       0x00000000       0x3d build/default/production/src/framework/hal/eep.o
 .comment       0x00000000       0x3d build/default/production/src/framework/hal/ethmac.o
 .comment       0x00000000       0x3d build/default/production/src/framework/hal/ethphy.o
 .comment       0x00000000       0x3d build/default/production/src/framework/hal/ic.o
 .comment       0x00000000       0x3d build/default/production/src/framework/hal/int.o
 .comment       0x00000000       0x3d build/default/production/src/framework/hal/port.o
 .comment       0x00000000       0x3d build/default/production/src/framework/hal/pwm.o
 .comment       0x00000000       0x3d build/default/production/src/framework/hal/tmr.o
 .comment       0x00000000       0x3d build/default/production/src/framework/hal/uart.o
 .comment       0x0000003c       0x18 /opt/microchip/xc32/v1.31/bin/../lib/gcc/pic32mx/4.5.2/../../../../pic32mx/lib/libpic32.a(memset.o)
                                 0x19 (size before relaxing)
 .comment       0x00000054       0x19 /opt/microchip/xc32/v1.31/bin/../lib/gcc/pic32mx/4.5.2/../../../../pic32mx/lib/libpic32.a(strlen.o)
                                 0x1a (size before relaxing)
 .comment       0x0000006d       0x3c /opt/microchip/xc32/v1.31/bin/../lib/gcc/pic32mx/4.5.2/../../../../pic32mx/lib/libpic32.a(default-bootstrap-exception-handler.o)
                                 0x3d (size before relaxing)
 .comment       0x00000000       0x3d /opt/microchip/xc32/v1.31/bin/../lib/gcc/pic32mx/4.5.2/../../../../pic32mx/lib/libpic32.a(default-on-reset.o)
 .comment       0x00000000       0x3d /opt/microchip/xc32/v1.31/bin/../lib/gcc/pic32mx/4.5.2/../../../../pic32mx/lib/libpic32.a(default-on-bootstrap.o)
 .comment       0x00000000       0x3d /opt/microchip/xc32/v1.31/bin/../lib/gcc/pic32mx/4.5.2/../../../../pic32mx/lib/libpic32.a(defaultinterrupt.o)
 .comment       0x00000000       0x3d /opt/microchip/xc32/v1.31/bin/../lib/gcc/pic32mx/4.5.2/../../../../pic32mx/lib/libc.a(malloc.o)
 .comment       0x00000000       0x3d /opt/microchip/xc32/v1.31/bin/../lib/gcc/pic32mx/4.5.2/../../../../pic32mx/lib/libc.a(strncmp.o)
 .comment       0x000000a9       0x4b /opt/microchip/xc32/v1.31/bin/../lib/gcc/pic32mx/4.5.2/../../../../pic32mx/lib/libpic32.a(sbrk.o)
                                 0x88 (size before relaxing)
 .comment       0x00000000       0x3d /opt/microchip/xc32/v1.31/bin/../lib/gcc/pic32mx/4.5.2/../../../../pic32mx/lib/libpic32.a(errno.o)

.debug
 *(.debug)

.line
 *(.line)

.debug_srcinfo
 *(.debug_srcinfo)

.debug_sfnames
 *(.debug_sfnames)

.debug_aranges  0x00000000      0x3d0
 *(.debug_aranges)
 .debug_aranges
                0x00000000       0x20 build/default/production/src/framework/sal/udp/arp.o
 .debug_aranges
                0x00000020       0x20 build/default/production/src/framework/sal/udp/dhcp.o
 .debug_aranges
                0x00000040       0x20 build/default/production/src/framework/sal/udp/icmp.o
 .debug_aranges
                0x00000060       0x20 build/default/production/src/framework/sal/udp/ipv4.o
 .debug_aranges
                0x00000080       0x20 build/default/production/src/framework/sal/udp/udp.o
 .debug_aranges
                0x000000a0       0x20 build/default/production/src/framework/sal/dio/inch.o
 .debug_aranges
                0x000000c0       0x20 build/default/production/src/framework/sal/dio/outch.o
 .debug_aranges
                0x000000e0       0x20 build/default/production/src/framework/sal/rtos/rtos.o
 .debug_aranges
                0x00000100       0x20 build/default/production/src/framework/sal/sys/exc.o
 .debug_aranges
                0x00000120       0x20 build/default/production/src/framework/sal/sys/main.o
 .debug_aranges
                0x00000140       0x20 build/default/production/src/app_udp.o
 .debug_aranges
                0x00000160       0x20 build/default/production/src/framework/hal/adc.o
 .debug_aranges
                0x00000180       0x20 build/default/production/src/framework/hal/can.o
 .debug_aranges
                0x000001a0       0x20 build/default/production/src/framework/hal/eep.o
 .debug_aranges
                0x000001c0       0x20 build/default/production/src/framework/hal/ethmac.o
 .debug_aranges
                0x000001e0       0x20 build/default/production/src/framework/hal/ethphy.o
 .debug_aranges
                0x00000200       0x20 build/default/production/src/framework/hal/ic.o
 .debug_aranges
                0x00000220       0x20 build/default/production/src/framework/hal/int.o
 .debug_aranges
                0x00000240       0x20 build/default/production/src/framework/hal/port.o
 .debug_aranges
                0x00000260       0x20 build/default/production/src/framework/hal/pwm.o
 .debug_aranges
                0x00000280       0x20 build/default/production/src/framework/hal/tmr.o
 .debug_aranges
                0x000002a0       0x20 build/default/production/src/framework/hal/uart.o
 .debug_aranges
                0x000002c0       0x20 /opt/microchip/xc32/v1.31/bin/../lib/gcc/pic32mx/4.5.2/../../../../pic32mx/lib/libpic32.a(default-bootstrap-exception-handler.o)
 .debug_aranges
                0x000002e0       0x20 /opt/microchip/xc32/v1.31/bin/../lib/gcc/pic32mx/4.5.2/../../../../pic32mx/lib/libpic32.a(default-on-reset.o)
 .debug_aranges
                0x00000300       0x20 /opt/microchip/xc32/v1.31/bin/../lib/gcc/pic32mx/4.5.2/../../../../pic32mx/lib/libpic32.a(default-on-bootstrap.o)
 .debug_aranges
                0x00000320       0x20 /opt/microchip/xc32/v1.31/bin/../lib/gcc/pic32mx/4.5.2/../../../../pic32mx/lib/libpic32.a(defaultinterrupt.o)
 .debug_aranges
                0x00000340       0x30 /opt/microchip/xc32/v1.31/bin/../lib/gcc/pic32mx/4.5.2/../../../../pic32mx/lib/libc.a(malloc.o)
 .debug_aranges
                0x00000370       0x20 /opt/microchip/xc32/v1.31/bin/../lib/gcc/pic32mx/4.5.2/../../../../pic32mx/lib/libc.a(strncmp.o)
 .debug_aranges
                0x00000390       0x40 /opt/microchip/xc32/v1.31/bin/../lib/gcc/pic32mx/4.5.2/../../../../pic32mx/lib/libpic32.a(sbrk.o)

.debug_pubnames
                0x00000000      0xdba
 *(.debug_pubnames)
 .debug_pubnames
                0x00000000       0xbb build/default/production/src/framework/sal/udp/arp.o
 .debug_pubnames
                0x000000bb       0x6b build/default/production/src/framework/sal/udp/dhcp.o
 .debug_pubnames
                0x00000126       0x8c build/default/production/src/framework/sal/udp/icmp.o
 .debug_pubnames
                0x000001b2       0xd7 build/default/production/src/framework/sal/udp/ipv4.o
 .debug_pubnames
                0x00000289       0x86 build/default/production/src/framework/sal/udp/udp.o
 .debug_pubnames
                0x0000030f       0x6e build/default/production/src/framework/sal/dio/inch.o
 .debug_pubnames
                0x0000037d       0x8b build/default/production/src/framework/sal/dio/outch.o
 .debug_pubnames
                0x00000408       0xb2 build/default/production/src/framework/sal/rtos/rtos.o
 .debug_pubnames
                0x000004ba       0x2e build/default/production/src/framework/sal/rtos/rtos_cfg.o
 .debug_pubnames
                0x000004e8       0x31 build/default/production/src/framework/sal/sys/exc.o
 .debug_pubnames
                0x00000519       0x1b build/default/production/src/framework/sal/sys/main.o
 .debug_pubnames
                0x00000534       0xdb build/default/production/src/app_udp.o
 .debug_pubnames
                0x0000060f       0xa3 build/default/production/src/framework/hal/adc.o
 .debug_pubnames
                0x000006b2       0xf9 build/default/production/src/framework/hal/can.o
 .debug_pubnames
                0x000007ab       0xc5 build/default/production/src/framework/hal/eep.o
 .debug_pubnames
                0x00000870       0x8f build/default/production/src/framework/hal/ethmac.o
 .debug_pubnames
                0x000008ff       0x22 build/default/production/src/framework/hal/ethphy.o
 .debug_pubnames
                0x00000921       0x98 build/default/production/src/framework/hal/ic.o
 .debug_pubnames
                0x000009b9       0x24 build/default/production/src/framework/hal/int.o
 .debug_pubnames
                0x000009dd       0x85 build/default/production/src/framework/hal/port.o
 .debug_pubnames
                0x00000a62       0xa7 build/default/production/src/framework/hal/pwm.o
 .debug_pubnames
                0x00000b09       0x70 build/default/production/src/framework/hal/tmr.o
 .debug_pubnames
                0x00000b79       0xf6 build/default/production/src/framework/hal/uart.o
 .debug_pubnames
                0x00000c6f       0x33 /opt/microchip/xc32/v1.31/bin/../lib/gcc/pic32mx/4.5.2/../../../../pic32mx/lib/libpic32.a(default-bootstrap-exception-handler.o)
 .debug_pubnames
                0x00000ca2       0x20 /opt/microchip/xc32/v1.31/bin/../lib/gcc/pic32mx/4.5.2/../../../../pic32mx/lib/libpic32.a(default-on-reset.o)
 .debug_pubnames
                0x00000cc2       0x24 /opt/microchip/xc32/v1.31/bin/../lib/gcc/pic32mx/4.5.2/../../../../pic32mx/lib/libpic32.a(default-on-bootstrap.o)
 .debug_pubnames
                0x00000ce6       0x28 /opt/microchip/xc32/v1.31/bin/../lib/gcc/pic32mx/4.5.2/../../../../pic32mx/lib/libpic32.a(defaultinterrupt.o)
 .debug_pubnames
                0x00000d0e       0x32 /opt/microchip/xc32/v1.31/bin/../lib/gcc/pic32mx/4.5.2/../../../../pic32mx/lib/libc.a(malloc.o)
 .debug_pubnames
                0x00000d40       0x1e /opt/microchip/xc32/v1.31/bin/../lib/gcc/pic32mx/4.5.2/../../../../pic32mx/lib/libc.a(strncmp.o)
 .debug_pubnames
                0x00000d5e       0x5c /opt/microchip/xc32/v1.31/bin/../lib/gcc/pic32mx/4.5.2/../../../../pic32mx/lib/libpic32.a(sbrk.o)

.debug_info     0x00000000    0x11b83
 *(.debug_info .gnu.linkonce.wi.*)
 .debug_info    0x00000000      0x742 build/default/production/src/framework/sal/udp/arp.o
 .debug_info    0x00000742      0x93f build/default/production/src/framework/sal/udp/dhcp.o
 .debug_info    0x00001081      0xb7f build/default/production/src/framework/sal/udp/icmp.o
 .debug_info    0x00001c00      0xd68 build/default/production/src/framework/sal/udp/ipv4.o
 .debug_info    0x00002968      0xabf build/default/production/src/framework/sal/udp/udp.o
 .debug_info    0x00003427      0x843 build/default/production/src/framework/sal/dio/inch.o
 .debug_info    0x00003c6a      0xa44 build/default/production/src/framework/sal/dio/outch.o
 .debug_info    0x000046ae      0x7cb build/default/production/src/framework/sal/rtos/rtos.o
 .debug_info    0x00004e79      0x2bb build/default/production/src/framework/sal/rtos/rtos_cfg.o
 .debug_info    0x00005134      0x14c build/default/production/src/framework/sal/sys/exc.o
 .debug_info    0x00005280      0xbf6 build/default/production/src/framework/sal/sys/main.o
 .debug_info    0x00005e76      0x952 build/default/production/src/app_udp.o
 .debug_info    0x000067c8      0xa3e build/default/production/src/framework/hal/adc.o
 .debug_info    0x00007206     0x4ce9 build/default/production/src/framework/hal/can.o
 .debug_info    0x0000beef     0x1ca0 build/default/production/src/framework/hal/eep.o
 .debug_info    0x0000db8f      0xfcc build/default/production/src/framework/hal/ethmac.o
 .debug_info    0x0000eb5b      0x5d8 build/default/production/src/framework/hal/ethphy.o
 .debug_info    0x0000f133      0x897 build/default/production/src/framework/hal/ic.o
 .debug_info    0x0000f9ca      0x286 build/default/production/src/framework/hal/int.o
 .debug_info    0x0000fc50      0x6bc build/default/production/src/framework/hal/port.o
 .debug_info    0x0001030c      0x6a2 build/default/production/src/framework/hal/pwm.o
 .debug_info    0x000109ae      0x2da build/default/production/src/framework/hal/tmr.o
 .debug_info    0x00010c88      0x92f build/default/production/src/framework/hal/uart.o
 .debug_info    0x000115b7       0xde /opt/microchip/xc32/v1.31/bin/../lib/gcc/pic32mx/4.5.2/../../../../pic32mx/lib/libpic32.a(default-bootstrap-exception-handler.o)
 .debug_info    0x00011695       0xb8 /opt/microchip/xc32/v1.31/bin/../lib/gcc/pic32mx/4.5.2/../../../../pic32mx/lib/libpic32.a(default-on-reset.o)
 .debug_info    0x0001174d       0xc0 /opt/microchip/xc32/v1.31/bin/../lib/gcc/pic32mx/4.5.2/../../../../pic32mx/lib/libpic32.a(default-on-bootstrap.o)
 .debug_info    0x0001180d       0xd2 /opt/microchip/xc32/v1.31/bin/../lib/gcc/pic32mx/4.5.2/../../../../pic32mx/lib/libpic32.a(defaultinterrupt.o)
 .debug_info    0x000118df       0xe0 /opt/microchip/xc32/v1.31/bin/../lib/gcc/pic32mx/4.5.2/../../../../pic32mx/lib/libc.a(malloc.o)
 .debug_info    0x000119bf       0xb3 /opt/microchip/xc32/v1.31/bin/../lib/gcc/pic32mx/4.5.2/../../../../pic32mx/lib/libc.a(strncmp.o)
 .debug_info    0x00011a72      0x111 /opt/microchip/xc32/v1.31/bin/../lib/gcc/pic32mx/4.5.2/../../../../pic32mx/lib/libpic32.a(sbrk.o)
 .debug_info    0x00011b83        0x0 /opt/microchip/xc32/v1.31/bin/../lib/gcc/pic32mx/4.5.2/../../../../pic32mx/lib/libpic32.a(errno.o)

.debug_abbrev   0x00000000     0x1d78
 *(.debug_abbrev)
 .debug_abbrev  0x00000000      0x14e build/default/production/src/framework/sal/udp/arp.o
 .debug_abbrev  0x0000014e      0x189 build/default/production/src/framework/sal/udp/dhcp.o
 .debug_abbrev  0x000002d7      0x1ae build/default/production/src/framework/sal/udp/icmp.o
 .debug_abbrev  0x00000485      0x1d2 build/default/production/src/framework/sal/udp/ipv4.o
 .debug_abbrev  0x00000657      0x1a0 build/default/production/src/framework/sal/udp/udp.o
 .debug_abbrev  0x000007f7      0x117 build/default/production/src/framework/sal/dio/inch.o
 .debug_abbrev  0x0000090e       0xf7 build/default/production/src/framework/sal/dio/outch.o
 .debug_abbrev  0x00000a05      0x15f build/default/production/src/framework/sal/rtos/rtos.o
 .debug_abbrev  0x00000b64       0x8b build/default/production/src/framework/sal/rtos/rtos_cfg.o
 .debug_abbrev  0x00000bef       0x43 build/default/production/src/framework/sal/sys/exc.o
 .debug_abbrev  0x00000c32       0xce build/default/production/src/framework/sal/sys/main.o
 .debug_abbrev  0x00000d00      0x179 build/default/production/src/app_udp.o
 .debug_abbrev  0x00000e79      0x178 build/default/production/src/framework/hal/adc.o
 .debug_abbrev  0x00000ff1      0x20c build/default/production/src/framework/hal/can.o
 .debug_abbrev  0x000011fd      0x230 build/default/production/src/framework/hal/eep.o
 .debug_abbrev  0x0000142d      0x1e0 build/default/production/src/framework/hal/ethmac.o
 .debug_abbrev  0x0000160d       0xee build/default/production/src/framework/hal/ethphy.o
 .debug_abbrev  0x000016fb      0x15e build/default/production/src/framework/hal/ic.o
 .debug_abbrev  0x00001859       0x92 build/default/production/src/framework/hal/int.o
 .debug_abbrev  0x000018eb      0x104 build/default/production/src/framework/hal/port.o
 .debug_abbrev  0x000019ef       0xdb build/default/production/src/framework/hal/pwm.o
 .debug_abbrev  0x00001aca       0x92 build/default/production/src/framework/hal/tmr.o
 .debug_abbrev  0x00001b5c       0xf7 build/default/production/src/framework/hal/uart.o
 .debug_abbrev  0x00001c53       0x23 /opt/microchip/xc32/v1.31/bin/../lib/gcc/pic32mx/4.5.2/../../../../pic32mx/lib/libpic32.a(default-bootstrap-exception-handler.o)
 .debug_abbrev  0x00001c76       0x23 /opt/microchip/xc32/v1.31/bin/../lib/gcc/pic32mx/4.5.2/../../../../pic32mx/lib/libpic32.a(default-on-reset.o)
 .debug_abbrev  0x00001c99       0x23 /opt/microchip/xc32/v1.31/bin/../lib/gcc/pic32mx/4.5.2/../../../../pic32mx/lib/libpic32.a(default-on-bootstrap.o)
 .debug_abbrev  0x00001cbc       0x23 /opt/microchip/xc32/v1.31/bin/../lib/gcc/pic32mx/4.5.2/../../../../pic32mx/lib/libpic32.a(defaultinterrupt.o)
 .debug_abbrev  0x00001cdf       0x3f /opt/microchip/xc32/v1.31/bin/../lib/gcc/pic32mx/4.5.2/../../../../pic32mx/lib/libc.a(malloc.o)
 .debug_abbrev  0x00001d1e       0x23 /opt/microchip/xc32/v1.31/bin/../lib/gcc/pic32mx/4.5.2/../../../../pic32mx/lib/libc.a(strncmp.o)
 .debug_abbrev  0x00001d41       0x36 /opt/microchip/xc32/v1.31/bin/../lib/gcc/pic32mx/4.5.2/../../../../pic32mx/lib/libpic32.a(sbrk.o)
 .debug_abbrev  0x00001d77        0x1 /opt/microchip/xc32/v1.31/bin/../lib/gcc/pic32mx/4.5.2/../../../../pic32mx/lib/libpic32.a(errno.o)

.debug_line     0x00000000     0x2ee7
 *(.debug_line)
 .debug_line    0x00000000      0x24e build/default/production/src/framework/sal/udp/arp.o
 .debug_line    0x0000024e      0x296 build/default/production/src/framework/sal/udp/dhcp.o
 .debug_line    0x000004e4      0x232 build/default/production/src/framework/sal/udp/icmp.o
 .debug_line    0x00000716      0x2cf build/default/production/src/framework/sal/udp/ipv4.o
 .debug_line    0x000009e5      0x1c9 build/default/production/src/framework/sal/udp/udp.o
 .debug_line    0x00000bae      0x215 build/default/production/src/framework/sal/dio/inch.o
 .debug_line    0x00000dc3      0x212 build/default/production/src/framework/sal/dio/outch.o
 .debug_line    0x00000fd5      0x17b build/default/production/src/framework/sal/rtos/rtos.o
 .debug_line    0x00001150       0xcf build/default/production/src/framework/sal/rtos/rtos_cfg.o
 .debug_line    0x0000121f       0x81 build/default/production/src/framework/sal/sys/exc.o
 .debug_line    0x000012a0      0x161 build/default/production/src/framework/sal/sys/main.o
 .debug_line    0x00001401      0x223 build/default/production/src/app_udp.o
 .debug_line    0x00001624      0x1c0 build/default/production/src/framework/hal/adc.o
 .debug_line    0x000017e4      0x4b1 build/default/production/src/framework/hal/can.o
 .debug_line    0x00001c95      0x2a3 build/default/production/src/framework/hal/eep.o
 .debug_line    0x00001f38      0x2ac build/default/production/src/framework/hal/ethmac.o
 .debug_line    0x000021e4      0x16c build/default/production/src/framework/hal/ethphy.o
 .debug_line    0x00002350      0x1cd build/default/production/src/framework/hal/ic.o
 .debug_line    0x0000251d       0x8f build/default/production/src/framework/hal/int.o
 .debug_line    0x000025ac      0x15c build/default/production/src/framework/hal/port.o
 .debug_line    0x00002708      0x180 build/default/production/src/framework/hal/pwm.o
 .debug_line    0x00002888      0x126 build/default/production/src/framework/hal/tmr.o
 .debug_line    0x000029ae      0x1a7 build/default/production/src/framework/hal/uart.o
 .debug_line    0x00002b55       0x97 /opt/microchip/xc32/v1.31/bin/../lib/gcc/pic32mx/4.5.2/../../../../pic32mx/lib/libpic32.a(default-bootstrap-exception-handler.o)
 .debug_line    0x00002bec       0x84 /opt/microchip/xc32/v1.31/bin/../lib/gcc/pic32mx/4.5.2/../../../../pic32mx/lib/libpic32.a(default-on-reset.o)
 .debug_line    0x00002c70       0x88 /opt/microchip/xc32/v1.31/bin/../lib/gcc/pic32mx/4.5.2/../../../../pic32mx/lib/libpic32.a(default-on-bootstrap.o)
 .debug_line    0x00002cf8       0x96 /opt/microchip/xc32/v1.31/bin/../lib/gcc/pic32mx/4.5.2/../../../../pic32mx/lib/libpic32.a(defaultinterrupt.o)
 .debug_line    0x00002d8e       0x70 /opt/microchip/xc32/v1.31/bin/../lib/gcc/pic32mx/4.5.2/../../../../pic32mx/lib/libc.a(malloc.o)
 .debug_line    0x00002dfe       0x71 /opt/microchip/xc32/v1.31/bin/../lib/gcc/pic32mx/4.5.2/../../../../pic32mx/lib/libc.a(strncmp.o)
 .debug_line    0x00002e6f       0x78 /opt/microchip/xc32/v1.31/bin/../lib/gcc/pic32mx/4.5.2/../../../../pic32mx/lib/libpic32.a(sbrk.o)
 .debug_line    0x00002ee7        0x0 /opt/microchip/xc32/v1.31/bin/../lib/gcc/pic32mx/4.5.2/../../../../pic32mx/lib/libpic32.a(errno.o)

.debug_frame    0x00000000     0x16a0
 *(.debug_frame)
 .debug_frame   0x00000000      0x174 build/default/production/src/framework/sal/udp/arp.o
 .debug_frame   0x00000174       0xf0 build/default/production/src/framework/sal/udp/dhcp.o
 .debug_frame   0x00000264      0x10c build/default/production/src/framework/sal/udp/icmp.o
 .debug_frame   0x00000370      0x1c4 build/default/production/src/framework/sal/udp/ipv4.o
 .debug_frame   0x00000534       0xd4 build/default/production/src/framework/sal/udp/udp.o
 .debug_frame   0x00000608       0x9c build/default/production/src/framework/sal/dio/inch.o
 .debug_frame   0x000006a4       0xd4 build/default/production/src/framework/sal/dio/outch.o
 .debug_frame   0x00000778       0xf0 build/default/production/src/framework/sal/rtos/rtos.o
 .debug_frame   0x00000868       0x2c build/default/production/src/framework/sal/sys/exc.o
 .debug_frame   0x00000894       0x48 build/default/production/src/framework/sal/sys/main.o
 .debug_frame   0x000008dc       0xa0 build/default/production/src/app_udp.o
 .debug_frame   0x0000097c      0x170 build/default/production/src/framework/hal/adc.o
 .debug_frame   0x00000aec      0x144 build/default/production/src/framework/hal/can.o
 .debug_frame   0x00000c30       0xf4 build/default/production/src/framework/hal/eep.o
 .debug_frame   0x00000d24      0x1c0 build/default/production/src/framework/hal/ethmac.o
 .debug_frame   0x00000ee4       0x9c build/default/production/src/framework/hal/ethphy.o
 .debug_frame   0x00000f80      0x1d8 build/default/production/src/framework/hal/ic.o
 .debug_frame   0x00001158       0x2c build/default/production/src/framework/hal/int.o
 .debug_frame   0x00001184       0x9c build/default/production/src/framework/hal/port.o
 .debug_frame   0x00001220      0x104 build/default/production/src/framework/hal/pwm.o
 .debug_frame   0x00001324       0xa8 build/default/production/src/framework/hal/tmr.o
 .debug_frame   0x000013cc      0x134 build/default/production/src/framework/hal/uart.o
 .debug_frame   0x00001500       0x28 /opt/microchip/xc32/v1.31/bin/../lib/gcc/pic32mx/4.5.2/../../../../pic32mx/lib/libpic32.a(default-bootstrap-exception-handler.o)
 .debug_frame   0x00001528       0x20 /opt/microchip/xc32/v1.31/bin/../lib/gcc/pic32mx/4.5.2/../../../../pic32mx/lib/libpic32.a(default-on-reset.o)
 .debug_frame   0x00001548       0x20 /opt/microchip/xc32/v1.31/bin/../lib/gcc/pic32mx/4.5.2/../../../../pic32mx/lib/libpic32.a(default-on-bootstrap.o)
 .debug_frame   0x00001568       0x20 /opt/microchip/xc32/v1.31/bin/../lib/gcc/pic32mx/4.5.2/../../../../pic32mx/lib/libpic32.a(defaultinterrupt.o)
 .debug_frame   0x00001588       0x6c /opt/microchip/xc32/v1.31/bin/../lib/gcc/pic32mx/4.5.2/../../../../pic32mx/lib/libc.a(malloc.o)
 .debug_frame   0x000015f4       0x20 /opt/microchip/xc32/v1.31/bin/../lib/gcc/pic32mx/4.5.2/../../../../pic32mx/lib/libc.a(strncmp.o)
 .debug_frame   0x00001614       0x8c /opt/microchip/xc32/v1.31/bin/../lib/gcc/pic32mx/4.5.2/../../../../pic32mx/lib/libpic32.a(sbrk.o)

.debug_str      0x00000000      0xf7e
 *(.debug_str)
 .debug_str     0x00000000       0xa2 build/default/production/src/framework/sal/udp/arp.o
 .debug_str     0x000000a2       0x64 build/default/production/src/framework/sal/udp/dhcp.o
 .debug_str     0x00000106       0xaf build/default/production/src/framework/sal/udp/icmp.o
 .debug_str     0x000001b5       0xeb build/default/production/src/framework/sal/udp/ipv4.o
 .debug_str     0x000002a0       0x79 build/default/production/src/framework/sal/udp/udp.o
 .debug_str     0x00000319       0x17 build/default/production/src/framework/sal/dio/inch.o
 .debug_str     0x00000330        0xf build/default/production/src/framework/sal/dio/outch.o
 .debug_str     0x0000033f       0x35 build/default/production/src/framework/sal/rtos/rtos.o
 .debug_str     0x00000374        0x0 build/default/production/src/framework/sal/rtos/rtos_cfg.o
 .debug_str     0x00000374        0x0 build/default/production/src/framework/sal/sys/exc.o
 .debug_str     0x00000374       0x31 build/default/production/src/framework/sal/sys/main.o
 .debug_str     0x000003a5       0x97 build/default/production/src/app_udp.o
 .debug_str     0x0000043c       0x94 build/default/production/src/framework/hal/adc.o
 .debug_str     0x000004d0      0x541 build/default/production/src/framework/hal/can.o
 .debug_str     0x00000a11      0x1b1 build/default/production/src/framework/hal/eep.o
 .debug_str     0x00000bc2      0x15f build/default/production/src/framework/hal/ethmac.o
 .debug_str     0x00000d21       0xaf build/default/production/src/framework/hal/ethphy.o
 .debug_str     0x00000dd0       0x62 build/default/production/src/framework/hal/ic.o
 .debug_str     0x00000e32        0xb build/default/production/src/framework/hal/int.o
 .debug_str     0x00000e3d       0x24 build/default/production/src/framework/hal/port.o
 .debug_str     0x00000e61       0x31 build/default/production/src/framework/hal/pwm.o
 .debug_str     0x00000e92       0x12 build/default/production/src/framework/hal/tmr.o
 .debug_str     0x00000ea4       0xda build/default/production/src/framework/hal/uart.o
 .debug_str     0x00000f7e        0x0 /opt/microchip/xc32/v1.31/bin/../lib/gcc/pic32mx/4.5.2/../../../../pic32mx/lib/libpic32.a(default-bootstrap-exception-handler.o)
 .debug_str     0x00000f7e        0x0 /opt/microchip/xc32/v1.31/bin/../lib/gcc/pic32mx/4.5.2/../../../../pic32mx/lib/libpic32.a(default-on-reset.o)
 .debug_str     0x00000f7e        0x0 /opt/microchip/xc32/v1.31/bin/../lib/gcc/pic32mx/4.5.2/../../../../pic32mx/lib/libpic32.a(default-on-bootstrap.o)
 .debug_str     0x00000f7e        0x0 /opt/microchip/xc32/v1.31/bin/../lib/gcc/pic32mx/4.5.2/../../../../pic32mx/lib/libpic32.a(defaultinterrupt.o)
 .debug_str     0x00000f7e        0x0 /opt/microchip/xc32/v1.31/bin/../lib/gcc/pic32mx/4.5.2/../../../../pic32mx/lib/libc.a(malloc.o)
 .debug_str     0x00000f7e        0x0 /opt/microchip/xc32/v1.31/bin/../lib/gcc/pic32mx/4.5.2/../../../../pic32mx/lib/libc.a(strncmp.o)
 .debug_str     0x00000f7e        0x0 /opt/microchip/xc32/v1.31/bin/../lib/gcc/pic32mx/4.5.2/../../../../pic32mx/lib/libpic32.a(sbrk.o)
 .debug_str     0x00000f7e        0x0 /opt/microchip/xc32/v1.31/bin/../lib/gcc/pic32mx/4.5.2/../../../../pic32mx/lib/libpic32.a(errno.o)

.debug_loc
 *(.debug_loc)

.debug_macinfo
 *(.debug_macinfo)

.debug_weaknames
 *(.debug_weaknames)

.debug_funcnames
 *(.debug_funcnames)

.debug_typenames
 *(.debug_typenames)

.debug_varnames
 *(.debug_varnames)

.debug_pubtypes
                0x00000000     0x1253
 *(.debug_pubtypes)
 .debug_pubtypes
                0x00000000       0x8b build/default/production/src/framework/sal/udp/arp.o
 .debug_pubtypes
                0x0000008b       0x98 build/default/production/src/framework/sal/udp/dhcp.o
 .debug_pubtypes
                0x00000123      0x12e build/default/production/src/framework/sal/udp/icmp.o
 .debug_pubtypes
                0x00000251      0x10b build/default/production/src/framework/sal/udp/ipv4.o
 .debug_pubtypes
                0x0000035c      0x112 build/default/production/src/framework/sal/udp/udp.o
 .debug_pubtypes
                0x0000046e       0xc3 build/default/production/src/framework/sal/dio/inch.o
 .debug_pubtypes
                0x00000531       0xb3 build/default/production/src/framework/sal/dio/outch.o
 .debug_pubtypes
                0x000005e4       0xb1 build/default/production/src/framework/sal/rtos/rtos.o
 .debug_pubtypes
                0x00000695       0x2b build/default/production/src/framework/sal/rtos/rtos_cfg.o
 .debug_pubtypes
                0x000006c0       0x12 build/default/production/src/framework/sal/sys/exc.o
 .debug_pubtypes
                0x000006d2       0x6b build/default/production/src/framework/sal/sys/main.o
 .debug_pubtypes
                0x0000073d       0x80 build/default/production/src/app_udp.o
 .debug_pubtypes
                0x000007bd       0x7e build/default/production/src/framework/hal/adc.o
 .debug_pubtypes
                0x0000083b      0x5c8 build/default/production/src/framework/hal/can.o
 .debug_pubtypes
                0x00000e03      0x1d7 build/default/production/src/framework/hal/eep.o
 .debug_pubtypes
                0x00000fda       0xa9 build/default/production/src/framework/hal/ethmac.o
 .debug_pubtypes
                0x00001083       0x3e build/default/production/src/framework/hal/ethphy.o
 .debug_pubtypes
                0x000010c1       0x64 build/default/production/src/framework/hal/ic.o
 .debug_pubtypes
                0x00001125       0x25 build/default/production/src/framework/hal/int.o
 .debug_pubtypes
                0x0000114a       0x72 build/default/production/src/framework/hal/port.o
 .debug_pubtypes
                0x000011bc       0x3c build/default/production/src/framework/hal/pwm.o
 .debug_pubtypes
                0x000011f8       0x28 build/default/production/src/framework/hal/tmr.o
 .debug_pubtypes
                0x00001220       0x33 build/default/production/src/framework/hal/uart.o

.debug_ranges
 *(.debug_ranges)

.gnu.attributes
                0x00000000       0x10
 *(.gnu.attributes)
 .gnu.attributes
                0x00000000       0x10 build/default/production/src/framework/sal/udp/arp.o
 .gnu.attributes
                0x00000010       0x10 build/default/production/src/framework/sal/udp/dhcp.o
 .gnu.attributes
                0x00000020       0x10 build/default/production/src/framework/sal/udp/icmp.o
 .gnu.attributes
                0x00000030       0x10 build/default/production/src/framework/sal/udp/ipv4.o
 .gnu.attributes
                0x00000040       0x10 build/default/production/src/framework/sal/udp/udp.o
 .gnu.attributes
                0x00000050       0x10 build/default/production/src/framework/sal/dio/inch.o
 .gnu.attributes
                0x00000060       0x10 build/default/production/src/framework/sal/dio/outch.o
 .gnu.attributes
                0x00000070       0x10 build/default/production/src/framework/sal/rtos/rtos.o
 .gnu.attributes
                0x00000080       0x10 build/default/production/src/framework/sal/rtos/rtos_cfg.o
 .gnu.attributes
                0x00000090       0x10 build/default/production/src/framework/sal/sys/exc.o
 .gnu.attributes
                0x000000a0       0x10 build/default/production/src/framework/sal/sys/main.o
 .gnu.attributes
                0x000000b0       0x10 build/default/production/src/app_udp.o
 .gnu.attributes
                0x000000c0       0x10 build/default/production/src/framework/hal/adc.o
 .gnu.attributes
                0x000000d0       0x10 build/default/production/src/framework/hal/can.o
 .gnu.attributes
                0x000000e0       0x10 build/default/production/src/framework/hal/eep.o
 .gnu.attributes
                0x000000f0       0x10 build/default/production/src/framework/hal/ethmac.o
 .gnu.attributes
                0x00000100       0x10 build/default/production/src/framework/hal/ethphy.o
 .gnu.attributes
                0x00000110       0x10 build/default/production/src/framework/hal/ic.o
 .gnu.attributes
                0x00000120       0x10 build/default/production/src/framework/hal/int.o
 .gnu.attributes
                0x00000130       0x10 build/default/production/src/framework/hal/port.o
 .gnu.attributes
                0x00000140       0x10 build/default/production/src/framework/hal/pwm.o
 .gnu.attributes
                0x00000150       0x10 build/default/production/src/framework/hal/tmr.o
 .gnu.attributes
                0x00000160       0x10 build/default/production/src/framework/hal/uart.o
 .gnu.attributes
                0x00000170       0x10 /opt/microchip/xc32/v1.31/bin/../lib/gcc/pic32mx/4.5.2/../../../../pic32mx/lib/libpic32.a(default-bootstrap-exception-handler.o)
 .gnu.attributes
                0x00000180       0x10 /opt/microchip/xc32/v1.31/bin/../lib/gcc/pic32mx/4.5.2/../../../../pic32mx/lib/libpic32.a(default-on-reset.o)
 .gnu.attributes
                0x00000190       0x10 /opt/microchip/xc32/v1.31/bin/../lib/gcc/pic32mx/4.5.2/../../../../pic32mx/lib/libpic32.a(default-on-bootstrap.o)
 .gnu.attributes
                0x000001a0       0x10 /opt/microchip/xc32/v1.31/bin/../lib/gcc/pic32mx/4.5.2/../../../../pic32mx/lib/libpic32.a(defaultinterrupt.o)
 .gnu.attributes
                0x000001b0       0x10 /opt/microchip/xc32/v1.31/bin/../lib/gcc/pic32mx/4.5.2/../../../../pic32mx/lib/libc.a(malloc.o)
 .gnu.attributes
                0x000001c0       0x10 /opt/microchip/xc32/v1.31/bin/../lib/gcc/pic32mx/4.5.2/../../../../pic32mx/lib/libc.a(strncmp.o)
 .gnu.attributes
                0x000001d0       0x10 /opt/microchip/xc32/v1.31/bin/../lib/gcc/pic32mx/4.5.2/../../../../pic32mx/lib/libpic32.a(sbrk.o)
 .gnu.attributes
                0x000001e0       0x10 /opt/microchip/xc32/v1.31/bin/../lib/gcc/pic32mx/4.5.2/../../../../pic32mx/lib/libpic32.a(errno.o)
LOAD /opt/microchip/xc32/v1.31/bin/../lib/gcc/pic32mx/4.5.2/libgcc.a
START GROUP
LOAD /opt/microchip/xc32/v1.31/bin/../lib/gcc/pic32mx/4.5.2/../../../../pic32mx/lib/libpic32.a
LOAD /opt/microchip/xc32/v1.31/bin/../lib/gcc/pic32mx/4.5.2/../../../../pic32mx/lib/libdebug.a
LOAD /opt/microchip/xc32/v1.31/bin/../lib/gcc/pic32mx/4.5.2/../../../../pic32mx/lib/libm.a
LOAD /opt/microchip/xc32/v1.31/bin/../lib/gcc/pic32mx/4.5.2/../../../../pic32mx/lib/libe.a
LOAD /opt/microchip/xc32/v1.31/bin/../lib/gcc/pic32mx/4.5.2/../../../../pic32mx/lib/libdsp.a
LOAD /opt/microchip/xc32/v1.31/bin/../lib/gcc/pic32mx/4.5.2/libgcc.a
LOAD /opt/microchip/xc32/v1.31/bin/../lib/gcc/pic32mx/4.5.2/../../../../pic32mx/lib/libpic32.a
LOAD /opt/microchip/xc32/v1.31/bin/../lib/gcc/pic32mx/4.5.2/../../../../pic32mx/lib/libc.a
LOAD /opt/microchip/xc32/v1.31/bin/../lib/gcc/pic32mx/4.5.2/../../../../pic32mx/lib/libpic32.a
END GROUP
LOAD /opt/microchip/xc32/v1.31/bin/../lib/gcc/pic32mx/4.5.2/libgcc.a
LOAD /opt/microchip/xc32/v1.31/bin/../lib/gcc/pic32mx/4.5.2/../../../../pic32mx/lib/debug-exception-return.o
OUTPUT(dist/default/production/minUDP.production.elf elf32-tradlittlemips)
LOAD stack
LOAD data_init

.reginfo        0x00000000       0x18
 .reginfo       0x00000000       0x18 /opt/microchip/xc32/v1.31/bin/../lib/gcc/pic32mx/4.5.2/../../../../pic32mx/lib/./proc/32MX795F512L/crt0_mips32r2.o

.stack          0xa000ba90      0x800
 .stack         0xa000ba90      0x800 stack

.bss            0xa0000548      0x100
 .bss           0xa0000548      0x100 build/default/production/src/framework/sal/udp/udp.o

.data           0xa0000648      0x100
 .data          0xa0000648      0x100 build/default/production/src/app_udp.o
                0xa0000648                ui8REPLYAString
                0xa0000668                ui8REPLYBString
                0xa00006cc                ui8REPLYXString
                0xa00006e4                ui8RUNString

.bss            0xa0000748      0x22c
 .bss           0xa0000748       0xe8 build/default/production/src/framework/hal/ethmac.o
 .bss           0xa0000830       0x90 build/default/production/src/framework/sal/udp/arp.o
 .bss           0xa00008c0       0x68 build/default/production/src/framework/sal/udp/ipv4.o
 .bss           0xa0000928       0x4c build/default/production/src/framework/sal/udp/icmp.o

.data           0xa0000974       0x40
 .data          0xa0000974       0x40 build/default/production/src/framework/sal/udp/dhcp.o

.bss            0xa00009b4       0x3c
 .bss           0xa00009b4       0x3c build/default/production/src/framework/sal/rtos/rtos.o

.data           0xa00009f0       0x30
 .data          0xa00009f0       0x30 build/default/production/src/framework/sal/udp/icmp.o

.bss            0xa0000a20       0x2c
 .bss           0xa0000a20       0x2c build/default/production/src/framework/hal/ic.o

.data           0xa0000a4c       0x28
 .data          0xa0000a4c       0x28 build/default/production/src/framework/sal/rtos/rtos.o

.bss            0xa0000a74       0x54
 .bss           0xa0000a74       0x1c /opt/microchip/xc32/v1.31/bin/../lib/gcc/pic32mx/4.5.2/../../../../pic32mx/lib/libpic32.a(sbrk.o)
 .bss           0xa0000a90       0x18 build/default/production/src/framework/hal/eep.o
 .bss           0xa0000aa8       0x10 build/default/production/src/framework/sal/dio/inch.o
 .bss           0xa0000ab8       0x10 /opt/microchip/xc32/v1.31/bin/../lib/gcc/pic32mx/4.5.2/../../../../pic32mx/lib/libc.a(malloc.o)
                0xa0000ab8                __allocs

.data           0xa0000ac8        0xc
 .data          0xa0000ac8        0xc build/default/production/src/framework/sal/dio/outch.o

._debug_exception
                0xbfc00480       0x24
 ._debug_exception
                0xbfc00480       0x24 /opt/microchip/xc32/v1.31/bin/../lib/gcc/pic32mx/4.5.2/../../../../pic32mx/lib/debug-exception-return.o
                0xbfc00480                __DbgExecReturn

.text           0x9d000000     0xb8c4
 .text          0x9d000000     0x1770 build/default/production/src/framework/sal/udp/ipv4.o
                0x9d000000                IPV4_getObtainedIPAdd
                0x9d000024                IPV4_setLocalIPAddress
                0x9d000064                IPV4_setRouterInfo
                0x9d0000a4                IPV4_Init
                0x9d000120                IPV4_Deinit
                0x9d000168                IPV4_getDataBuffPtr
                0x9d0001b0                IPV4_checkLocalIPAdd
                0x9d0001e8                IPV4_PeriodicTask
                0x9d0002ac                IPV4_SendPacket
 .text          0x9d001770     0x1538 build/default/production/src/framework/sal/udp/arp.o
                0x9d001770                ARP_setRouterInfo
                0x9d0017a8                ARP_setLocalIPAddress
                0x9d001874                ARP_checkLocalIPAdd
                0x9d00190c                ARP_getEthAddFromIPAdd
                0x9d001a78                ARP_setEthAddToIPAdd
                0x9d001ac0                ARP_PeriodicTask
                0x9d001ae0                ARP_decodeARPPacket
 .text          0x9d002ca8     0x13f4 build/default/production/src/framework/sal/udp/dhcp.o
                0x9d002ca8                DHCP_Init
                0x9d002d68                DHCP_Deinit
                0x9d002d90                DHCP_StartIPAddReq
                0x9d002de4                DHCP_PeriodicTask
 .text          0x9d00409c     0x10c0 build/default/production/src/framework/hal/ethmac.o
                0x9d00409c                ETHMAC_Init
                0x9d004250                ETHMAC_getNextRXDataBuffer
                0x9d004438                ETHMAC_sendPacket
                0x9d00451c                ETHMAC_getTXBufferPointer
 .text          0x9d00515c      0xd40 build/default/production/src/framework/sal/udp/udp.o
                0x9d00515c                UDP_checkReceivedData
                0x9d005220                UDP_unpackMessage
                0x9d0053f4                UDP_OpenUDPSocket
                0x9d005564                UDP_SendDataBuffer
                0x9d0059c4                UDP_CloseUDPSocket
 .text          0x9d005e9c      0xbd4 build/default/production/src/framework/sal/udp/icmp.o
                0x9d005e9c                ICMP_getEchoReqResult
                0x9d005fa0                ICMP_StopEchoRequest
                0x9d005fd8                ICMP_StartEchoRequest
                0x9d0060b4                ICMP_PeriodicTask
                0x9d006290                ICMP_manageICMPMsg
 .text          0x9d006a70      0xb0c build/default/production/src/framework/hal/ic.o
                0x9d006a70                IC_Init
                0x9d006bd8                IC_GetICFreqAndDC
                0x9d006cb4                IC_RunInputCapture
                0x9d006cfc                IC_PeriodicTask
                0x9d00711c                IC1_IntHandler
                0x9d00728c                IC2_IntHandler
                0x9d007404                IC3_IntHandler
 .text          0x9d00757c      0x9d0 build/default/production/src/framework/hal/eep.o
                0x9d00757c                EEP_Initialise
                0x9d0075e8                EEP_eReadEeprom
                0x9d007658                EEP_eWriteEeprom
                0x9d0076c8                EEP_TK_PeriodicManagement
                0x9d007be4                I2C1Handler
 .text          0x9d007f4c      0x82c build/default/production/src/framework/sal/dio/inch.o
                0x9d007f4c                INCH_GetChannelTransition
                0x9d008088                INCH_GetChannelStatus
                0x9d00812c                INCH_PeriodicTask
                0x9d008348                INCH_Init
 .text          0x9d008778      0x794 build/default/production/src/framework/hal/uart.o
                0x9d008778                UART_Init
                0x9d008858                UART_EnableUARTReception
                0x9d0088c8                UART_EnableUARTTransmission
                0x9d008938                UART_bGetLastReceivedMessage
                0x9d0089d4                UART_bPutMessageToSend
                0x9d008cbc                UART1Handler
                0x9d008d30                DMA1Handler
                0x9d008e20                DMA2Handler
 .text          0x9d008f0c      0x758 build/default/production/src/framework/hal/adc.o
                0x9d008f0c                ADC_Init
                0x9d009080                ADC_StartChnAcq
                0x9d0090d0                ADC_CheckIsAcqFinished
                0x9d009124                ADC_PeriodicTask
                0x9d0094c4                T3_IntHandler
                0x9d009538                ADC_IntHandler
 .text          0x9d009664      0x6e0 build/default/production/src/framework/sal/rtos/rtos.o
                0x9d009664                RTOS_SetCallback
                0x9d00978c                RTOS_StopCallback
                0x9d009824                RTOS_TickTimerCallback
                0x9d0099d0                RTOS_stopOperation
                0x9d009a00                RTOS_startOperation
                0x9d009a5c                RTOS_executeTask
                0x9d009c28                RTOS_tickCountGet
 .text          0x9d009d44      0x670 build/default/production/src/framework/sal/dio/outch.o
                0x9d009d44                OUTCH_Init
                0x9d009ddc                OUTCH_SetChannelStatus
                0x9d00a058                OUTCH_SetIlluminationLevel
                0x9d00a0d8                OUTCH_ManageBlinking
                0x9d00a174                OUTCH_PeriodicTask
 .text          0x9d00a3b4      0x584 build/default/production/src/framework/hal/pwm.o
                0x9d00a3b4                PWM_Init
                0x9d00a570                PWM_SetFrequency
                0x9d00a5cc                PWM_SetDutyCycle
                0x9d00a6f4                OC1_IntHandler
                0x9d00a768                OC2_IntHandler
                0x9d00a7dc                OC3_IntHandler
                0x9d00a850                OC4_IntHandler
                0x9d00a8c4                T2_IntHandler
 .text          0x9d00a938      0x55c build/default/production/src/framework/hal/port.o
                0x9d00a938                PORT_ReadPortPin
                0x9d00aa40                PORT_SetPortPinDirection
                0x9d00ab8c                PORT_SetPortPin
                0x9d00ac7c                PORT_ClearPortPin
                0x9d00ad70                PORT_TogglePortPin
 .text          0x9d00ae94      0x554 build/default/production/src/framework/hal/ethphy.o
                0x9d00ae94                ETHPHY_Init
 .text          0x9d00b3e8      0x4dc build/default/production/src/app_udp.o
                0x9d00b3e8                APP_UDP_Init
                0x9d00b488                APP_UDP_PeriodicTask

.dinit          0x9d00b8c4      0x3a0
 .dinit         0x9d00b8c4      0x3a0 data_init

.text.malloc    0x9d00bc64      0x288
 .text.malloc   0x9d00bc64      0x288 /opt/microchip/xc32/v1.31/bin/../lib/gcc/pic32mx/4.5.2/../../../../pic32mx/lib/libc.a(malloc.o)
                0x9d00bc64                malloc

.text           0x9d00beec      0x408
 .text          0x9d00beec      0x20c build/default/production/src/framework/sal/sys/main.o
                0x9d00c0bc                main
 .text          0x9d00c0f8      0x1fc build/default/production/src/framework/hal/tmr.o
                0x9d00c0f8                TMR_TickTimerStart
                0x9d00c178                TMR_TickTimerStop
                0x9d00c1a4                TMR_getTimerCounter
                0x9d00c1d0                TickTimer_IntHandler

.text._sbrk_init
                0x9d00c2f4      0x194
 .text._sbrk_init
                0x9d00c2f4      0x194 /opt/microchip/xc32/v1.31/bin/../lib/gcc/pic32mx/4.5.2/../../../../pic32mx/lib/libpic32.a(sbrk.o)
                0x9d00c2f4                _sbrk_init

.text           0x9d00c488      0x2d0
 .text          0x9d00c488      0x168 /opt/microchip/xc32/v1.31/bin/../lib/gcc/pic32mx/4.5.2/../../../../pic32mx/lib/libpic32.a(memcpy.o)
                0x9d00c488                memcpy
 .text          0x9d00c5f0      0x168 /opt/microchip/xc32/v1.31/bin/../lib/gcc/pic32mx/4.5.2/../../../../pic32mx/lib/libpic32.a(strlen.o)
                0x9d00c5f0                strlen

.text.general_exception
                0x9d00c758       0xdc
 .text.general_exception
                0x9d00c758       0xdc /opt/microchip/xc32/v1.31/bin/../lib/gcc/pic32mx/4.5.2/../../../../pic32mx/lib/libpic32.a(general-exception.o)
                0x9d00c758                _general_exception_context

.text._sbrk     0x9d00c834       0xc4
 .text._sbrk    0x9d00c834       0xc4 /opt/microchip/xc32/v1.31/bin/../lib/gcc/pic32mx/4.5.2/../../../../pic32mx/lib/libpic32.a(sbrk.o)
                0x9d00c834                _sbrk

.text           0x9d00c8f8       0xa8
 .text          0x9d00c8f8       0xa8 /opt/microchip/xc32/v1.31/bin/../lib/gcc/pic32mx/4.5.2/../../../../pic32mx/lib/libpic32.a(memset.o)
                0x9d00c8f8                memset

.text.strncmp   0x9d00c9a0       0x78
 .text.strncmp  0x9d00c9a0       0x78 /opt/microchip/xc32/v1.31/bin/../lib/gcc/pic32mx/4.5.2/../../../../pic32mx/lib/libc.a(strncmp.o)
                0x9d00c9a0                strncmp

.text.sbrk      0x9d00ca18       0x50
 .text.sbrk     0x9d00ca18       0x50 /opt/microchip/xc32/v1.31/bin/../lib/gcc/pic32mx/4.5.2/../../../../pic32mx/lib/libpic32.a(sbrk.o)
                0x9d00ca18                sbrk

.text.main_entry
                0x9d00ca68       0x4c
 .text.main_entry
                0x9d00ca68       0x4c /opt/microchip/xc32/v1.31/bin/../lib/gcc/pic32mx/4.5.2/../../../../pic32mx/lib/./proc/32MX795F512L/crt0_mips32r2.o
                0x9d00ca94                __crt0_exit

.text           0x9d00cab4       0x84
 .text          0x9d00cab4       0x44 /opt/microchip/xc32/v1.31/bin/../lib/gcc/pic32mx/4.5.2/../../../../pic32mx/lib/libpic32.a(pic32_software_reset.o)
                0x9d00cab4                __pic32_software_reset
 .text          0x9d00caf8       0x40 build/default/production/src/framework/sal/sys/exc.o
                0x9d00caf8                _general_exception_handler

.text._bootstrap_exception_handler
                0x9d00cb38       0x38
 .text._bootstrap_exception_handler
                0x9d00cb38       0x38 /opt/microchip/xc32/v1.31/bin/../lib/gcc/pic32mx/4.5.2/../../../../pic32mx/lib/libpic32.a(default-bootstrap-exception-handler.o)
                0x9d00cb38                _bootstrap_exception_handler

.text           0x9d00cb70       0x34
 .text          0x9d00cb70       0x34 build/default/production/src/framework/hal/int.o
                0x9d00cb70                INT_EnableInt

.rodata         0x9d00cba4       0x30
 .rodata        0x9d00cba4       0x30 build/default/production/src/framework/sal/rtos/rtos_cfg.o
                0x9d00cbc8                RTOS_CFG_statesArray_at

.vector_default
                0x9d00cbd4       0x30
 .vector_default
                0x9d00cbd4       0x30 /opt/microchip/xc32/v1.31/bin/../lib/gcc/pic32mx/4.5.2/../../../../pic32mx/lib/libpic32.a(defaultinterrupt.o)
                0x9d00cbd4                _DefaultInterrupt

.text.free      0x9d00cc04       0x30
 .text.free     0x9d00cc04       0x30 /opt/microchip/xc32/v1.31/bin/../lib/gcc/pic32mx/4.5.2/../../../../pic32mx/lib/libc.a(malloc.o)
                0x9d00cc04                free

.text._stub_sbd_memlayout
                0x9d00cc34       0x2c
 .text._stub_sbd_memlayout
                0x9d00cc34       0x2c /opt/microchip/xc32/v1.31/bin/../lib/gcc/pic32mx/4.5.2/../../../../pic32mx/lib/libpic32.a(sbrk.o)
                0x9d00cc34                _stub_sbd_memlayout
                0x9d00cc34                _sbd_memlayout

.rodata         0x9d00cc60       0x18
 .rodata        0x9d00cc60       0x18 build/default/production/src/app_udp.o
                0x9d00cc60                REPLYcmdString
                0x9d00cc68                LEDONcmdString
                0x9d00cc70                LEDOFFcmdString

.text           0x9d00cc78       0x18
 .text          0x9d00cc78       0x18 /opt/microchip/xc32/v1.31/bin/../lib/gcc/pic32mx/4.5.2/../../../../pic32mx/lib/libpic32.a(default-nmi-handler.o)
                0x9d00cc78                _nmi_handler

.rodata         0x9d00cc90       0x14
 .rodata        0x9d00cc90       0x14 build/default/production/src/framework/sal/udp/dhcp.o

.text._on_reset
                0x9d00cca4        0x8
 .text._on_reset
                0x9d00cca4        0x8 /opt/microchip/xc32/v1.31/bin/../lib/gcc/pic32mx/4.5.2/../../../../pic32mx/lib/libpic32.a(default-on-reset.o)
                0x9d00cca4                _on_reset

.text._on_bootstrap